Archive member included because of file (symbol)

archival/libunarchive/lib.a(decompress_bunzip2.o)
                              applets/built-in.o (dealloc_bunzip)
console-tools/lib.a(clear.o)  applets/built-in.o (clear_main)
console-tools/lib.a(reset.o)  applets/built-in.o (reset_main)
coreutils/lib.a(basename.o)   applets/built-in.o (basename_main)
coreutils/lib.a(cat.o)        applets/built-in.o (cat_main)
coreutils/lib.a(chmod.o)      applets/built-in.o (chmod_main)
coreutils/lib.a(cp.o)         applets/built-in.o (cp_main)
coreutils/lib.a(cut.o)        applets/built-in.o (cut_main)
coreutils/lib.a(df.o)         applets/built-in.o (df_main)
coreutils/lib.a(dirname.o)    applets/built-in.o (dirname_main)
coreutils/lib.a(du.o)         applets/built-in.o (du_main)
coreutils/lib.a(echo.o)       applets/built-in.o (echo_main)
coreutils/lib.a(env.o)        applets/built-in.o (env_main)
coreutils/lib.a(expr.o)       applets/built-in.o (expr_main)
coreutils/lib.a(false.o)      applets/built-in.o (false_main)
coreutils/lib.a(head.o)       applets/built-in.o (head_main)
coreutils/lib.a(hostid.o)     applets/built-in.o (hostid_main)
coreutils/lib.a(id.o)         applets/built-in.o (id_main)
coreutils/lib.a(ln.o)         applets/built-in.o (ln_main)
coreutils/lib.a(ls.o)         applets/built-in.o (ls_main)
coreutils/lib.a(mkdir.o)      applets/built-in.o (mkdir_main)
coreutils/lib.a(mkfifo.o)     applets/built-in.o (mkfifo_main)
coreutils/lib.a(mknod.o)      applets/built-in.o (mknod_main)
coreutils/lib.a(mv.o)         applets/built-in.o (mv_main)
coreutils/lib.a(printenv.o)   applets/built-in.o (printenv_main)
coreutils/lib.a(printf.o)     applets/built-in.o (printf_main)
coreutils/lib.a(pwd.o)        applets/built-in.o (pwd_main)
coreutils/lib.a(rm.o)         applets/built-in.o (rm_main)
coreutils/lib.a(rmdir.o)      applets/built-in.o (rmdir_main)
coreutils/lib.a(sleep.o)      applets/built-in.o (sleep_main)
coreutils/lib.a(tail.o)       applets/built-in.o (tail_main)
coreutils/lib.a(test.o)       applets/built-in.o (test_main)
coreutils/lib.a(touch.o)      applets/built-in.o (touch_main)
coreutils/lib.a(true.o)       applets/built-in.o (true_main)
coreutils/lib.a(uname.o)      applets/built-in.o (uname_main)
coreutils/lib.a(usleep.o)     applets/built-in.o (usleep_main)
coreutils/lib.a(yes.o)        applets/built-in.o (yes_main)
coreutils/libcoreutils/lib.a(cp_mv_stat.o)
                              coreutils/lib.a(cp.o) (cp_mv_stat2)
coreutils/libcoreutils/lib.a(getopt_mk_fifo_nod.o)
                              coreutils/lib.a(mkfifo.o) (getopt_mk_fifo_nod)
findutils/lib.a(find.o)       applets/built-in.o (find_main)
findutils/lib.a(grep.o)       applets/built-in.o (grep_main)
findutils/lib.a(xargs.o)      applets/built-in.o (xargs_main)
init/lib.a(halt.o)            applets/built-in.o (halt_main)
libbb/lib.a(ask_confirmation.o)
                              coreutils/lib.a(mv.o) (bb_ask_confirmation)
libbb/lib.a(bb_basename.o)    applets/built-in.o (bb_basename)
libbb/lib.a(bb_pwd.o)         coreutils/lib.a(id.o) (xuname2uid)
libbb/lib.a(bb_strtonum.o)    coreutils/lib.a(printf.o) (bb_strtol)
libbb/lib.a(compare_string_array.o)
                              coreutils/lib.a(expr.o) (index_in_strings)
libbb/lib.a(concat_path_file.o)
                              coreutils/lib.a(cp.o) (concat_path_file)
libbb/lib.a(concat_subpath_file.o)
                              coreutils/lib.a(du.o) (concat_subpath_file)
libbb/lib.a(copy_file.o)      coreutils/lib.a(cp.o) (copy_file)
libbb/lib.a(copyfd.o)         coreutils/lib.a(cat.o) (bb_copyfd_eof)
libbb/lib.a(crc32.o)          archival/libunarchive/lib.a(decompress_bunzip2.o) (crc32_filltable)
libbb/lib.a(default_error_retval.o)
                              applets/built-in.o (xfunc_error_retval)
libbb/lib.a(error_msg.o)      archival/libunarchive/lib.a(decompress_bunzip2.o) (bb_error_msg)
libbb/lib.a(error_msg_and_die.o)
                              applets/built-in.o (xfunc_die)
libbb/lib.a(fclose_nonstdin.o)
                              coreutils/lib.a(head.o) (fclose_if_not_stdin)
libbb/lib.a(fflush_stdout_and_exit.o)
                              coreutils/lib.a(df.o) (fflush_stdout_and_exit)
libbb/lib.a(find_mount_point.o)
                              coreutils/lib.a(df.o) (find_mount_point)
libbb/lib.a(find_root_device.o)
                              coreutils/lib.a(df.o) (find_block_device)
libbb/lib.a(full_write.o)     libbb/lib.a(copyfd.o) (full_write)
libbb/lib.a(get_last_path_component.o)
                              coreutils/lib.a(basename.o) (bb_get_last_path_component)
libbb/lib.a(get_line_from_file.o)
                              coreutils/lib.a(cut.o) (xmalloc_getline)
libbb/lib.a(getopt32.o)       coreutils/lib.a(cat.o) (getopt32)
libbb/lib.a(human_readable.o)
                              coreutils/lib.a(df.o) (make_human_readable_str)
libbb/lib.a(inode_hash.o)     coreutils/lib.a(du.o) (is_in_ino_dev_hashtable)
[...]
Memory Configuration

Name             Origin             Length             Attributes
*default*        0x0000000000000000 0xffffffffffffffff

Linker script and memory map

LOAD /root/toolchains/hndtools-mipsel-linux-uclibc-4.1.2-32/bin/../lib/gcc/mipsel-linux-uclibc/4.1.2/../../../../mipsel-linux-uclibc/lib/crt1.o
LOAD /root/toolchains/hndtools-mipsel-linux-uclibc-4.1.2-32/bin/../lib/gcc/mipsel-linux-uclibc/4.1.2/../../../../mipsel-linux-uclibc/lib/crti.o
LOAD /root/toolchains/hndtools-mipsel-linux-uclibc-4.1.2-32/bin/../lib/gcc/mipsel-linux-uclibc/4.1.2/crtbegin.o
START GROUP
LOAD applets/built-in.o
LOAD archival/lib.a
LOAD archival/libunarchive/lib.a
LOAD console-tools/lib.a
LOAD coreutils/lib.a
LOAD coreutils/libcoreutils/lib.a
LOAD debianutils/lib.a
LOAD e2fsprogs/lib.a
LOAD editors/lib.a
LOAD findutils/lib.a
LOAD init/lib.a
LOAD ipsvd/lib.a
LOAD libbb/lib.a
LOAD libpwdgrp/lib.a
LOAD loginutils/lib.a
LOAD miscutils/lib.a
LOAD modutils/lib.a
LOAD networking/lib.a
LOAD networking/libiproute/lib.a
LOAD networking/udhcp/lib.a
LOAD procps/lib.a
LOAD runit/lib.a
LOAD selinux/lib.a
LOAD shell/lib.a
LOAD sysklogd/lib.a
LOAD util-linux/lib.a
LOAD archival/built-in.o
LOAD archival/libunarchive/built-in.o
LOAD console-tools/built-in.o
LOAD coreutils/built-in.o
LOAD coreutils/libcoreutils/built-in.o
LOAD debianutils/built-in.o
LOAD e2fsprogs/built-in.o
LOAD editors/built-in.o
LOAD findutils/built-in.o
LOAD init/built-in.o
LOAD ipsvd/built-in.o
LOAD libbb/built-in.o
LOAD libpwdgrp/built-in.o
LOAD loginutils/built-in.o
LOAD miscutils/built-in.o
LOAD modutils/built-in.o
LOAD networking/built-in.o
LOAD networking/libiproute/built-in.o
LOAD networking/udhcp/built-in.o
LOAD procps/built-in.o
LOAD runit/built-in.o
LOAD selinux/built-in.o
LOAD shell/built-in.o
LOAD sysklogd/built-in.o
LOAD util-linux/built-in.o
END GROUP
START GROUP
LOAD /root/toolchains/hndtools-mipsel-linux-uclibc-4.1.2-32/bin/../lib/gcc/mipsel-linux-uclibc/4.1.2/../../../../mipsel-linux-uclibc/lib/libcrypt.so
END GROUP
LOAD /root/toolchains/hndtools-mipsel-linux-uclibc-4.1.2-32/bin/../lib/gcc/mipsel-linux-uclibc/4.1.2/libgcc.a
LOAD /root/toolchains/hndtools-mipsel-linux-uclibc-4.1.2-32/bin/../lib/gcc/mipsel-linux-uclibc/4.1.2/../../../../mipsel-linux-uclibc/lib/libgcc_s.so
LOAD /root/toolchains/hndtools-mipsel-linux-uclibc-4.1.2-32/bin/../lib/gcc/mipsel-linux-uclibc/4.1.2/../../../../mipsel-linux-uclibc/lib/libc.so
LOAD /root/toolchains/hndtools-mipsel-linux-uclibc-4.1.2-32/bin/../lib/gcc/mipsel-linux-uclibc/4.1.2/libgcc.a
LOAD /root/toolchains/hndtools-mipsel-linux-uclibc-4.1.2-32/bin/../lib/gcc/mipsel-linux-uclibc/4.1.2/../../../../mipsel-linux-uclibc/lib/libgcc_s.so
LOAD /root/toolchains/hndtools-mipsel-linux-uclibc-4.1.2-32/bin/../lib/gcc/mipsel-linux-uclibc/4.1.2/crtend.o
LOAD /root/toolchains/hndtools-mipsel-linux-uclibc-4.1.2-32/bin/../lib/gcc/mipsel-linux-uclibc/4.1.2/../../../../mipsel-linux-uclibc/lib/crtn.o
                0x0000000000400000                PROVIDE (__executable_start, 0x400000)
                0x00000000004000f4                . = (0x400000 + SIZEOF_HEADERS)

.interp         0x00000000004000f4       0x14
 *(.interp)
 .interp        0x00000000004000f4       0x14 /root/toolchains/hndtools-mipsel-linux-uclibc-4.1.2-32/bin/../lib/gcc/mipsel-linux-uclibc/4.1.2/../../../../mipsel-linux-uclibc/lib/crt1.o

.reginfo
 *(.reginfo)

.dynamic        0x0000000000400108      0x100
 *(.dynamic)
 .dynamic       0x0000000000400108      0x100 /root/toolchains/hndtools-mipsel-linux-uclibc-4.1.2-32/bin/../lib/gcc/mipsel-linux-uclibc/4.1.2/../../../../mipsel-linux-uclibc/lib/crt1.o
                0x0000000000400108                _DYNAMIC

.hash           0x0000000000400208     0x11b4
 *(.hash)
 .hash          0x0000000000400208     0x11b4 /root/toolchains/hndtools-mipsel-linux-uclibc-4.1.2-32/bin/../lib/gcc/mipsel-linux-uclibc/4.1.2/../../../../mipsel-linux-uclibc/lib/crt1.o

.dynsym         0x00000000004013bc     0x2620
 *(.dynsym)
 .dynsym        0x00000000004013bc     0x2620 /root/toolchains/hndtools-mipsel-linux-uclibc-4.1.2-32/bin/../lib/gcc/mipsel-linux-uclibc/4.1.2/../../../../mipsel-linux-uclibc/lib/crt1.o

.dynstr         0x00000000004039dc     0x191b
 *(.dynstr)
 .dynstr        0x00000000004039dc     0x191b /root/toolchains/hndtools-mipsel-linux-uclibc-4.1.2-32/bin/../lib/gcc/mipsel-linux-uclibc/4.1.2/../../../../mipsel-linux-uclibc/lib/crt1.o

.gnu.version    0x00000000004052f8      0x4c4
 *(.gnu.version)
 .gnu.version   0x00000000004052f8      0x4c4 /root/toolchains/hndtools-mipsel-linux-uclibc-4.1.2-32/bin/../lib/gcc/mipsel-linux-uclibc/4.1.2/../../../../mipsel-linux-uclibc/lib/crt1.o

.gnu.version_d  0x00000000004057bc        0x0
 *(.gnu.version_d)
 .gnu.version_d
                0x0000000000000000        0x0 /root/toolchains/hndtools-mipsel-linux-uclibc-4.1.2-32/bin/../lib/gcc/mipsel-linux-uclibc/4.1.2/../../../../mipsel-linux-uclibc/lib/crt1.o

.gnu.version_r  0x00000000004057bc       0x20
 *(.gnu.version_r)
 .gnu.version_r
                0x00000000004057bc       0x20 /root/toolchains/hndtools-mipsel-linux-uclibc-4.1.2-32/bin/../lib/gcc/mipsel-linux-uclibc/4.1.2/../../../../mipsel-linux-uclibc/lib/crt1.o

.rel.dyn        0x00000000004057dc        0x0
 *(.rel.init)
 *(.rel.text .rel.text.* .rel.gnu.linkonce.t.*)
 *(.rel.fini)
 *(.rel.rodata .rel.rodata.* .rel.gnu.linkonce.r.*)
 *(.rel.data.rel.ro* .rel.gnu.linkonce.d.rel.ro.*)
 *(.rel.data .rel.data.* .rel.gnu.linkonce.d.*)
 *(.rel.tdata .rel.tdata.* .rel.gnu.linkonce.td.*)
 *(.rel.tbss .rel.tbss.* .rel.gnu.linkonce.tb.*)
 *(.rel.ctors)
 *(.rel.dtors)
 *(.rel.got)
 *(.rel.sdata .rel.sdata.* .rel.gnu.linkonce.s.*)
 *(.rel.sbss .rel.sbss.* .rel.gnu.linkonce.sb.*)
 *(.rel.sdata2 .rel.sdata2.* .rel.gnu.linkonce.s2.*)
 *(.rel.sbss2 .rel.sbss2.* .rel.gnu.linkonce.sb2.*)
 *(.rel.bss .rel.bss.* .rel.gnu.linkonce.b.*)
 .rel.dyn       0x0000000000000000        0x0 /root/toolchains/hndtools-mipsel-linux-uclibc-4.1.2-32/bin/../lib/gcc/mipsel-linux-uclibc/4.1.2/../../../../mipsel-linux-uclibc/lib/crt1.o

.rela.dyn
 *(.rela.init)
 *(.rela.text .rela.text.* .rela.gnu.linkonce.t.*)
 *(.rela.fini)
 *(.rela.rodata .rela.rodata.* .rela.gnu.linkonce.r.*)
 *(.rela.data .rela.data.* .rela.gnu.linkonce.d.*)
 *(.rela.tdata .rela.tdata.* .rela.gnu.linkonce.td.*)
 *(.rela.tbss .rela.tbss.* .rela.gnu.linkonce.tb.*)
 *(.rela.ctors)
 *(.rela.dtors)
 *(.rela.got)
 *(.rela.sdata .rela.sdata.* .rela.gnu.linkonce.s.*)
 *(.rela.sbss .rela.sbss.* .rela.gnu.linkonce.sb.*)
 *(.rela.sdata2 .rela.sdata2.* .rela.gnu.linkonce.s2.*)
 *(.rela.sbss2 .rela.sbss2.* .rela.gnu.linkonce.sb2.*)
 *(.rela.bss .rela.bss.* .rela.gnu.linkonce.b.*)

.rel.plt
 *(.rel.plt)

.rela.plt
 *(.rela.plt)

.init           0x00000000004057dc       0x88
 *(.init)
 .init          0x00000000004057dc       0x1c /root/toolchains/hndtools-mipsel-linux-uclibc-4.1.2-32/bin/../lib/gcc/mipsel-linux-uclibc/4.1.2/../../../../mipsel-linux-uclibc/lib/crti.o
                0x00000000004057dc                _init
 .init          0x00000000004057f8       0x30 /root/toolchains/hndtools-mipsel-linux-uclibc-4.1.2-32/bin/../lib/gcc/mipsel-linux-uclibc/4.1.2/crtbegin.o
 .init          0x0000000000405828       0x30 /root/toolchains/hndtools-mipsel-linux-uclibc-4.1.2-32/bin/../lib/gcc/mipsel-linux-uclibc/4.1.2/crtend.o
 .init          0x0000000000405858        0xc /root/toolchains/hndtools-mipsel-linux-uclibc-4.1.2-32/bin/../lib/gcc/mipsel-linux-uclibc/4.1.2/../../../../mipsel-linux-uclibc/lib/crtn.o

.plt
 *(.plt)

.text           0x0000000000405870    0x48230
                0x0000000000405870                _ftext = .
 *(.text .stub .text.* .gnu.linkonce.t.*)
 .text          0x0000000000405870       0x60 /root/toolchains/hndtools-mipsel-linux-uclibc-4.1.2-32/bin/../lib/gcc/mipsel-linux-uclibc/4.1.2/../../../../mipsel-linux-uclibc/lib/crt1.o
                0x0000000000405870                __start
 .text          0x00000000004058d0      0x130 /root/toolchains/hndtools-mipsel-linux-uclibc-4.1.2-32/bin/../lib/gcc/mipsel-linux-uclibc/4.1.2/crtbegin.o
 .text.get_trimmed_slice
                0x0000000000405a00       0x7c applets/built-in.o
 .text.applet_name_compare
                0x0000000000405a7c       0x20 applets/built-in.o
 .text.find_applet_by_name
                0x0000000000405a9c       0x4c applets/built-in.o
                0x0000000000405a9c                find_applet_by_name
 .text.bb_show_usage
                0x0000000000405ae8      0x188 applets/built-in.o
                0x0000000000405ae8                bb_show_usage
 .text.run_current_applet_and_exit
                0x0000000000405c70      0x370 applets/built-in.o
                0x0000000000405c70                run_current_applet_and_exit
 .text.run_applet_and_exit
                0x0000000000405fe0      0x224 applets/built-in.o
                0x0000000000405fe0                run_applet_and_exit
 .text.main     0x0000000000406204      0x5c0 applets/built-in.o
                0x0000000000406204                main
 .text.dealloc_bunzip
                0x00000000004067c4       0x4c archival/libunarchive/lib.a(decompress_bunzip2.o)
                0x00000000004067c4                dealloc_bunzip
 .text.get_bits
                0x0000000000406810      0x130 archival/libunarchive/lib.a(decompress_bunzip2.o)
 .text.start_bunzip
                0x0000000000406940      0x198 archival/libunarchive/lib.a(decompress_bunzip2.o)
                0x0000000000406940                start_bunzip
 .text.get_next_block
                0x0000000000406ad8      0x94c archival/libunarchive/lib.a(decompress_bunzip2.o)
 .text.read_bunzip
                0x0000000000407424      0x1ec archival/libunarchive/lib.a(decompress_bunzip2.o)
                0x0000000000407424                read_bunzip
 .text.clear_main
                0x0000000000407610       0x44 console-tools/lib.a(clear.o)
                0x0000000000407610                clear_main
 .text.reset_main
                0x0000000000407654       0x5c console-tools/lib.a(reset.o)
                0x0000000000407654                reset_main
 .text.basename_main
                0x00000000004076b0      0x104 coreutils/lib.a(basename.o)
                0x00000000004076b0                basename_main
 .text.bb_cat   0x00000000004077b4      0x128 coreutils/lib.a(cat.o)
                0x00000000004077b4                bb_cat
 .text.cat_main
                0x00000000004078dc       0x60 coreutils/lib.a(cat.o)
                0x00000000004078dc                cat_main
 .text.chmod_main
                0x000000000040793c      0x180 coreutils/lib.a(chmod.o)
                0x000000000040793c                chmod_main
 .text.fileAction
                0x0000000000407abc       0xfc coreutils/lib.a(chmod.o)
 .text.cp_main  0x0000000000407bb8      0x1f0 coreutils/lib.a(cp.o)
                0x0000000000407bb8                cp_main
 .text.cmpfunc  0x0000000000407da8       0x10 coreutils/lib.a(cut.o)
 .text.cut_file
                0x0000000000407db8      0x554 coreutils/lib.a(cut.o)
 .text.cut_main
                0x000000000040830c      0x410 coreutils/lib.a(cut.o)
                0x000000000040830c                cut_main
 .text.df_main  0x000000000040871c      0x428 coreutils/lib.a(df.o)
                0x000000000040871c                df_main
 .text.dirname_main
                0x0000000000408b44       0x78 coreutils/lib.a(dirname.o)
                0x0000000000408b44                dirname_main
 .text.print    0x0000000000408bbc       0x6c coreutils/lib.a(du.o)
 .text.du       0x0000000000408c28      0x314 coreutils/lib.a(du.o)
 .text.du_main  0x0000000000408f3c      0x24c coreutils/lib.a(du.o)
                0x0000000000408f3c                du_main
 .text.bb_echo  0x0000000000409188      0x30c coreutils/lib.a(echo.o)
                0x0000000000409188                bb_echo
 .text.echo_main
                0x0000000000409494       0x1c coreutils/lib.a(echo.o)
                0x0000000000409494                echo_main
 .text.env_main
                0x00000000004094b0      0x1fc coreutils/lib.a(env.o)
                0x00000000004094b0                env_main
 .text.null     0x00000000004096ac       0x54 coreutils/lib.a(expr.o)
 .text.int_value
                0x0000000000409700       0x48 coreutils/lib.a(expr.o)
 .text.tostring
                0x0000000000409748       0x60 coreutils/lib.a(expr.o)
 .text.str_value
                0x00000000004097a8       0x6c coreutils/lib.a(expr.o)
 .text.docolon  0x0000000000409814      0x1bc coreutils/lib.a(expr.o)
 .text.toarith  0x00000000004099d0       0xa4 coreutils/lib.a(expr.o)
 .text.arithmetic_common
                0x0000000000409a74      0x11c coreutils/lib.a(expr.o)
 .text.freev    0x0000000000409b90       0x5c coreutils/lib.a(expr.o)
 .text.nextarg  0x0000000000409bec       0x58 coreutils/lib.a(expr.o)
 .text.eval6    0x0000000000409c44      0x4a4 coreutils/lib.a(expr.o)
 .text.eval5    0x000000000040a0e8       0xf4 coreutils/lib.a(expr.o)
 .text.eval4    0x000000000040a1dc      0x150 coreutils/lib.a(expr.o)
 .text.eval3    0x000000000040a32c      0x13c coreutils/lib.a(expr.o)
 .text.eval2    0x000000000040a468      0x280 coreutils/lib.a(expr.o)
 .text.eval1    0x000000000040a6e8      0x148 coreutils/lib.a(expr.o)
 .text.eval     0x000000000040a830       0xf4 coreutils/lib.a(expr.o)
 .text.expr_main
                0x000000000040a924       0xf0 coreutils/lib.a(expr.o)
                0x000000000040a924                expr_main
 .text.false_main
                0x000000000040aa14        0x8 coreutils/lib.a(false.o)
                0x000000000040aa14                false_main
 .text.head_main
                0x000000000040aa1c      0x364 coreutils/lib.a(head.o)
                0x000000000040aa1c                head_main
 .text.hostid_main
                0x000000000040ad80       0x7c coreutils/lib.a(hostid.o)
                0x000000000040ad80                hostid_main
 .text.printf_full
                0x000000000040adfc       0x6c coreutils/lib.a(id.o)
 .text.id_main  0x000000000040ae68      0x33c coreutils/lib.a(id.o)
                0x000000000040ae68                id_main
 .text.ln_main  0x000000000040b1a4      0x34c coreutils/lib.a(ln.o)
                0x000000000040b1a4                ln_main
 .text.append_char
                0x000000000040b4f0       0x84 coreutils/lib.a(ls.o)
 .text.count_dirs
                0x000000000040b574       0x98 coreutils/lib.a(ls.o)
 .text.my_stat  0x000000000040b60c      0x108 coreutils/lib.a(ls.o)
 .text.dnalloc  0x000000000040b714       0x2c coreutils/lib.a(ls.o)
 .text.splitdnarray
                0x000000000040b740      0x160 coreutils/lib.a(ls.o)
 .text.showfiles
                0x000000000040b8a0      0x814 coreutils/lib.a(ls.o)
 .text.dnsort   0x000000000040c0b4       0x20 coreutils/lib.a(ls.o)
 .text.sortcmp  0x000000000040c0d4      0x110 coreutils/lib.a(ls.o)
 .text.showdirs
                0x000000000040c1e4      0x41c coreutils/lib.a(ls.o)
 .text.ls_main  0x000000000040c600      0x4f4 coreutils/lib.a(ls.o)
                0x000000000040c600                ls_main
 .text.mkdir_main
                0x000000000040caf4      0x120 coreutils/lib.a(mkdir.o)
                0x000000000040caf4                mkdir_main
 .text.mkfifo_main
                0x000000000040cc14       0xd8 coreutils/lib.a(mkfifo.o)
                0x000000000040cc14                mkfifo_main
 .text.mknod_main
                0x000000000040ccec      0x184 coreutils/lib.a(mknod.o)
                0x000000000040ccec                mknod_main
 .text.mv_main  0x000000000040ce70      0x370 coreutils/lib.a(mv.o)
                0x000000000040ce70                mv_main
 .text.printenv_main
                0x000000000040d1e0       0xc8 coreutils/lib.a(printenv.o)
                0x000000000040d1e0                printenv_main
 .text.multiconvert
                0x000000000040d2a8       0xd0 coreutils/lib.a(printf.o)
 .text.my_xstrtod
                0x000000000040d378       0x48 coreutils/lib.a(printf.o)
 .text.my_xstrtol
                0x000000000040d3c0       0x48 coreutils/lib.a(printf.o)
 .text.my_xstrtoul
                0x000000000040d408       0x48 coreutils/lib.a(printf.o)
 .text.conv_strtoul
                0x000000000040d450       0x48 coreutils/lib.a(printf.o)
 .text.print_direc
                0x000000000040d498      0x38c coreutils/lib.a(printf.o)
 .text.printf_main
                0x000000000040d824      0x5c0 coreutils/lib.a(printf.o)
                0x000000000040d824                printf_main
 .text.conv_strtol
                0x000000000040dde4       0x48 coreutils/lib.a(printf.o)
 .text.conv_strtod
                0x000000000040de2c       0x70 coreutils/lib.a(printf.o)
 .text.pwd_main
                0x000000000040de9c       0x94 coreutils/lib.a(pwd.o)
                0x000000000040de9c                pwd_main
 .text.rm_main  0x000000000040df30      0x178 coreutils/lib.a(rm.o)
                0x000000000040df30                rm_main
 .text.rmdir_main
                0x000000000040e0a8      0x148 coreutils/lib.a(rmdir.o)
                0x000000000040e0a8                rmdir_main
 .text.sleep_main
                0x000000000040e1f0       0xac coreutils/lib.a(sleep.o)
                0x000000000040e1f0                sleep_main
 .text.eat_num  0x000000000040e29c       0x48 coreutils/lib.a(tail.o)
 .text.tail_xprint_header
                0x000000000040e2e4       0x58 coreutils/lib.a(tail.o)
 .text.tail_read
                0x000000000040e33c      0x138 coreutils/lib.a(tail.o)
 .text.tail_main
                0x000000000040e474      0x6cc coreutils/lib.a(tail.o)
                0x000000000040e474                tail_main
 .text.t_lex    0x000000000040eb40       0xa0 coreutils/lib.a(test.o)
 .text.syntax   0x000000000040ebe0       0x80 coreutils/lib.a(test.o)
 .text.getn     0x000000000040ec60       0xc0 coreutils/lib.a(test.o)
 .text.binop    0x000000000040ed20      0x2a0 coreutils/lib.a(test.o)
 .text.nexpr    0x000000000040efc0      0x5c8 coreutils/lib.a(test.o)
 .text.aexpr    0x000000000040f588       0xe0 coreutils/lib.a(test.o)
 .text.oexpr    0x000000000040f668       0xe0 coreutils/lib.a(test.o)
 .text.test_main
                0x000000000040f748      0x338 coreutils/lib.a(test.o)
                0x000000000040f748                test_main
 .text.touch_main
                0x000000000040fa80      0x144 coreutils/lib.a(touch.o)
                0x000000000040fa80                touch_main
 .text.true_main
                0x000000000040fbc4        0x8 coreutils/lib.a(true.o)
                0x000000000040fbc4                true_main
 .text.uname_main
                0x000000000040fbcc      0x204 coreutils/lib.a(uname.o)
                0x000000000040fbcc                uname_main
 .text.usleep_main
                0x000000000040fdd0       0x84 coreutils/lib.a(usleep.o)
                0x000000000040fdd0                usleep_main
 .text.yes_main
                0x000000000040fe54      0x154 coreutils/lib.a(yes.o)
                0x000000000040fe54                yes_main
 .text.cp_mv_stat2
                0x000000000040ffa8       0xa8 coreutils/libcoreutils/lib.a(cp_mv_stat.o)
                0x000000000040ffa8                cp_mv_stat2
 .text.cp_mv_stat
                0x0000000000410050       0x1c coreutils/libcoreutils/lib.a(cp_mv_stat.o)
                0x0000000000410050                cp_mv_stat
 .text.getopt_mk_fifo_nod
                0x000000000041006c       0x90 coreutils/libcoreutils/lib.a(getopt_mk_fifo_nod.o)
                0x000000000041006c                getopt_mk_fifo_nod
 .text.func_type
                0x00000000004100fc       0x18 findutils/lib.a(find.o)
 .text.func_prune
                0x0000000000410114        0x8 findutils/lib.a(find.o)
 .text.alloc_action.6544
                0x000000000041011c       0xf4 findutils/lib.a(find.o)
 .text.parse_params
                0x0000000000410210      0x464 findutils/lib.a(find.o)
 .text.find_main
                0x0000000000410674      0x19c findutils/lib.a(find.o)
                0x0000000000410674                find_main
 .text.func_regex
                0x0000000000410810       0x84 findutils/lib.a(find.o)
 .text.func_path
                0x0000000000410894       0x40 findutils/lib.a(find.o)
 .text.func_name
                0x00000000004108d4       0xb8 findutils/lib.a(find.o)
 .text.func_exec
                0x000000000041098c      0x234 findutils/lib.a(find.o)
 .text.fileAction
                0x0000000000410bc0      0x120 findutils/lib.a(find.o)
 .text.func_print
                0x0000000000410ce0       0x3c findutils/lib.a(find.o)
 .text.add_grep_list_data
                0x0000000000410d1c       0x48 findutils/lib.a(grep.o)
 .text.print_line
                0x0000000000410d64      0x180 findutils/lib.a(grep.o)
 .text.grep_file
                0x0000000000410ee4      0x534 findutils/lib.a(grep.o)
 .text.grep_main
                0x0000000000411418      0x694 findutils/lib.a(grep.o)
                0x0000000000411418                grep_main
 .text.file_action_grep
                0x0000000000411aac       0xf0 findutils/lib.a(grep.o)
 .text.xargs_main
                0x0000000000411b9c      0x680 findutils/lib.a(xargs.o)
                0x0000000000411b9c                xargs_main
 .text.process0_stdin
                0x000000000041221c      0x1ec findutils/lib.a(xargs.o)
 .text.process_stdin
                0x0000000000412408      0x33c findutils/lib.a(xargs.o)
 .text.halt_main
                0x0000000000412744      0x134 init/lib.a(halt.o)
                0x0000000000412744                halt_main
 .text.bb_ask_confirmation
                0x0000000000412878      0x104 libbb/lib.a(ask_confirmation.o)
                0x0000000000412878                bb_ask_confirmation
 .text.bb_basename
                0x000000000041297c       0x50 libbb/lib.a(bb_basename.o)
                0x000000000041297c                bb_basename
 .text.xuname2uid
                0x00000000004129cc       0x60 libbb/lib.a(bb_pwd.o)
                0x00000000004129cc                xuname2uid
 .text.bb_getug
                0x0000000000412a2c       0xa8 libbb/lib.a(bb_pwd.o)
 .text.bb_getgrgid
                0x0000000000412ad4       0x88 libbb/lib.a(bb_pwd.o)
                0x0000000000412ad4                bb_getgrgid
 .text.bb_getpwuid
                0x0000000000412b5c       0x88 libbb/lib.a(bb_pwd.o)
                0x0000000000412b5c                bb_getpwuid
 .text.ret_ERANGE
                0x0000000000412be4       0x28 libbb/lib.a(bb_strtonum.o)
 .text.handle_errors
                0x0000000000412c0c       0xc4 libbb/lib.a(bb_strtonum.o)
 .text.bb_strtol
                0x0000000000412cd0       0xdc libbb/lib.a(bb_strtonum.o)
                0x0000000000412cd0                bb_strtol
 .text.bb_strtoul
                0x0000000000412dac       0xcc libbb/lib.a(bb_strtonum.o)
                0x0000000000412dac                bb_strtoul
 .text.bb_strtoull
                0x0000000000412e78       0xc8 libbb/lib.a(bb_strtonum.o)
                0x0000000000412e78                bb_strtoull
 .text.index_in_strings
                0x0000000000412f40       0x98 libbb/lib.a(compare_string_array.o)
                0x0000000000412f40                index_in_strings
 .text.concat_path_file
                0x0000000000412fd8       0xb4 libbb/lib.a(concat_path_file.o)
                0x0000000000412fd8                concat_path_file
 .text.concat_subpath_file
                0x000000000041308c       0x64 libbb/lib.a(concat_subpath_file.o)
                0x000000000041308c                concat_subpath_file
 .text.ask_and_unlink
                0x00000000004130f0       0xcc libbb/lib.a(copy_file.o)
 .text.copy_file
                0x00000000004131bc      0x914 libbb/lib.a(copy_file.o)
                0x00000000004131bc                copy_file
 .text.bb_full_fd_action
                0x0000000000413ad0      0x1a0 libbb/lib.a(copyfd.o)
 .text.bb_copyfd_eof
                0x0000000000413c70       0x24 libbb/lib.a(copyfd.o)
                0x0000000000413c70                bb_copyfd_eof
 .text.crc32_filltable
                0x0000000000413c94       0xd4 libbb/lib.a(crc32.o)
                0x0000000000413c94                crc32_filltable
 .text.bb_error_msg
                0x0000000000413d68       0x50 libbb/lib.a(error_msg.o)
                0x0000000000413d68                bb_error_msg
 .text.xfunc_die
                0x0000000000413db8       0x5c libbb/lib.a(error_msg_and_die.o)
                0x0000000000413db8                xfunc_die
 .text.bb_error_msg_and_die
                0x0000000000413e14       0x54 libbb/lib.a(error_msg_and_die.o)
                0x0000000000413e14                bb_error_msg_and_die
 .text.fclose_if_not_stdin
                0x0000000000413e68       0x34 libbb/lib.a(fclose_nonstdin.o)
                0x0000000000413e68                fclose_if_not_stdin
 .text.fflush_stdout_and_exit
                0x0000000000413e9c       0x60 libbb/lib.a(fflush_stdout_and_exit.o)
                0x0000000000413e9c                fflush_stdout_and_exit
 .text.find_mount_point
                0x0000000000413efc      0x1d0 libbb/lib.a(find_mount_point.o)
                0x0000000000413efc                find_mount_point
 .text.find_block_device_in_dir
                0x00000000004140cc      0x1e8 libbb/lib.a(find_root_device.o)
 .text.find_block_device
                0x00000000004142b4       0xb0 libbb/lib.a(find_root_device.o)
                0x00000000004142b4                find_block_device
 .text.full_write
                0x0000000000414364       0x8c libbb/lib.a(full_write.o)
                0x0000000000414364                full_write
 .text.bb_get_last_path_component
                0x00000000004143f0       0x64 libbb/lib.a(get_last_path_component.o)
                0x00000000004143f0                bb_get_last_path_component
 .text.bb_get_chunk_from_file
                0x0000000000414454      0x14c libbb/lib.a(get_line_from_file.o)
                0x0000000000414454                bb_get_chunk_from_file
 .text.xmalloc_getline
                0x00000000004145a0       0x68 libbb/lib.a(get_line_from_file.o)
                0x00000000004145a0                xmalloc_getline
 .text.xmalloc_fgets
                0x0000000000414608       0x3c libbb/lib.a(get_line_from_file.o)
                0x0000000000414608                xmalloc_fgets
 .text.getopt32
                0x0000000000414644      0x78c libbb/lib.a(getopt32.o)
                0x0000000000414644                getopt32
 .text.make_human_readable_str
                0x0000000000414dd0      0x1a4 libbb/lib.a(human_readable.o)
                0x0000000000414dd0                make_human_readable_str
 .text.is_in_ino_dev_hashtable
                0x0000000000414f74       0xf0 libbb/lib.a(inode_hash.o)
                0x0000000000414f74                is_in_ino_dev_hashtable
 .text.add_to_ino_dev_hashtable
                0x0000000000415064      0x12c libbb/lib.a(inode_hash.o)
                0x0000000000415064                add_to_ino_dev_hashtable
 .text.is_directory
                0x0000000000415190       0x8c libbb/lib.a(isdirectory.o)
                0x0000000000415190                is_directory
 .text.last_char_is
                0x000000000041521c       0x74 libbb/lib.a(last_char_is.o)
                0x000000000041521c                last_char_is
 .text.llist_add_to_end
                0x0000000000415290       0x84 libbb/lib.a(llist.o)
                0x0000000000415290                llist_add_to_end
 .text.llist_add_to
                0x0000000000415314       0x60 libbb/lib.a(llist.o)
                0x0000000000415314                llist_add_to
 .text.bb_make_directory
                0x0000000000415374      0x250 libbb/lib.a(make_directory.o)
                0x0000000000415374                bb_make_directory
 .text.bb_makedev
                0x00000000004155c4       0x58 libbb/lib.a(makedev.o)
                0x00000000004155c4                bb_makedev
 .text.bb_mode_string
                0x000000000041561c       0xd4 libbb/lib.a(mode_string.o)
                0x000000000041561c                bb_mode_string
 .text.bb_parse_mode
                0x00000000004156f0      0x2f0 libbb/lib.a(parse_mode.o)
                0x00000000004156f0                bb_parse_mode
 .text.bb_perror_msg
                0x00000000004159e0       0x8c libbb/lib.a(perror_msg.o)
                0x00000000004159e0                bb_perror_msg
 .text.bb_perror_msg_and_die
                0x0000000000415a6c       0x90 libbb/lib.a(perror_msg_and_die.o)
                0x0000000000415a6c                bb_perror_msg_and_die
 .text.bb_perror_nomsg_and_die
                0x0000000000415afc       0x1c libbb/lib.a(perror_nomsg_and_die.o)
                0x0000000000415afc                bb_perror_nomsg_and_die
 .text.bb_process_escape_sequence
                0x0000000000415b18      0x10c libbb/lib.a(process_escape_sequence.o)
                0x0000000000415b18                bb_process_escape_sequence
 .text.fast_strtoul_10
                0x0000000000415c24       0x48 libbb/lib.a(procps.o)
 .text.skip_fields
                0x0000000000415c6c       0x28 libbb/lib.a(procps.o)
 .text.read_cmdline
                0x0000000000415c94       0xf4 libbb/lib.a(procps.o)
                0x0000000000415c94                read_cmdline
 .text.clear_cache
                0x0000000000415d88       0x4c libbb/lib.a(procps.o)
 .text.clear_username_cache
                0x0000000000415dd4       0x54 libbb/lib.a(procps.o)
                0x0000000000415dd4                clear_username_cache
 .text.read_to_buf
                0x0000000000415e28       0xa8 libbb/lib.a(procps.o)
 .text.free_procps_scan
                0x0000000000415ed0       0x64 libbb/lib.a(procps.o)
                0x0000000000415ed0                free_procps_scan
 .text.alloc_procps_scan
                0x0000000000415f34       0x64 libbb/lib.a(procps.o)
                0x0000000000415f34                alloc_procps_scan
 .text.procps_scan
                0x0000000000415f98      0x404 libbb/lib.a(procps.o)
                0x0000000000415f98                procps_scan
 .text.get_cached
                0x000000000041639c       0xdc libbb/lib.a(procps.o)
 .text.get_cached_groupname
                0x0000000000416478       0x28 libbb/lib.a(procps.o)
                0x0000000000416478                get_cached_groupname
 .text.get_cached_username
                0x00000000004164a0       0x28 libbb/lib.a(procps.o)
                0x00000000004164a0                get_cached_username
 .text.safe_read
                0x00000000004164c8       0x88 libbb/lib.a(read.o)
                0x00000000004164c8                safe_read
 .text.full_read
                0x0000000000416550       0x94 libbb/lib.a(read.o)
                0x0000000000416550                full_read
 .text.read_close
                0x00000000004165e4       0x64 libbb/lib.a(read.o)
                0x00000000004165e4                read_close
 .text.xmalloc_open_read_close
                0x0000000000416648      0x164 libbb/lib.a(read.o)
                0x0000000000416648                xmalloc_open_read_close
 .text.open_read_close
                0x00000000004167ac       0x74 libbb/lib.a(read.o)
                0x00000000004167ac                open_read_close
 .text.true_action
                0x0000000000416820        0x8 libbb/lib.a(recursive_action.o)
 .text.recursive_action
                0x0000000000416828      0x288 libbb/lib.a(recursive_action.o)
                0x0000000000416828                recursive_action
 .text.remove_file
                0x0000000000416ab0      0x384 libbb/lib.a(remove_file.o)
                0x0000000000416ab0                remove_file
 .text.safe_strncpy
                0x0000000000416e34       0x34 libbb/lib.a(safe_strncpy.o)
                0x0000000000416e34                safe_strncpy
 .text.safe_write
                0x0000000000416e68       0x88 libbb/lib.a(safe_write.o)
                0x0000000000416e68                safe_write
 .text.skip_non_whitespace
                0x0000000000416ef0       0x60 libbb/lib.a(skip_whitespace.o)
                0x0000000000416ef0                skip_non_whitespace
 .text.skip_whitespace
                0x0000000000416f50       0x54 libbb/lib.a(skip_whitespace.o)
                0x0000000000416f50                skip_whitespace
 .text.bb_verror_msg
                0x0000000000416fa4      0x25c libbb/lib.a(verror_msg.o)
                0x0000000000416fa4                bb_verror_msg
 .text.forkexit_or_rexec
                0x0000000000417200       0x70 libbb/lib.a(vfork_daemon_rexec.o)
                0x0000000000417200                forkexit_or_rexec
 .text.bb_daemonize_or_rexec
                0x0000000000417270      0x198 libbb/lib.a(vfork_daemon_rexec.o)
                0x0000000000417270                bb_daemonize_or_rexec
 .text.bb_sanitize_stdio
                0x0000000000417408       0x1c libbb/lib.a(vfork_daemon_rexec.o)
                0x0000000000417408                bb_sanitize_stdio
 .text.wait4pid
                0x0000000000417424       0x90 libbb/lib.a(vfork_daemon_rexec.o)
                0x0000000000417424                wait4pid
 .text.spawn    0x00000000004174b4       0xb4 libbb/lib.a(vfork_daemon_rexec.o)
                0x00000000004174b4                spawn
 .text.spawn_and_wait
                0x0000000000417568       0x40 libbb/lib.a(vfork_daemon_rexec.o)
                0x0000000000417568                spawn_and_wait
 .text.fopen_or_warn
                0x00000000004175a8       0x88 libbb/lib.a(wfopen.o)
                0x00000000004175a8                fopen_or_warn
 .text.fopen_or_warn_stdin
                0x0000000000417630       0x6c libbb/lib.a(wfopen_input.o)
                0x0000000000417630                fopen_or_warn_stdin
 .text.xstrtoul_range_sfx
                0x000000000041769c      0x1b8 libbb/lib.a(xatonum.o)
                0x000000000041769c                xstrtoul_range_sfx
 .text.xatoul_sfx
                0x0000000000417854       0x44 libbb/lib.a(xatonum.o)
                0x0000000000417854                xatoul_sfx
 .text.xatoul   0x0000000000417898       0x1c libbb/lib.a(xatonum.o)
                0x0000000000417898                xatoul
 .text.xatoul_range
                0x00000000004178b4       0x44 libbb/lib.a(xatonum.o)
                0x00000000004178b4                xatoul_range
 .text.xatou16  0x00000000004178f8       0x3c libbb/lib.a(xatonum.o)
                0x00000000004178f8                xatou16
 .text.xatoul_range_sfx
                0x0000000000417934       0x48 libbb/lib.a(xatonum.o)
                0x0000000000417934                xatoul_range_sfx
 .text.xatoi_u  0x000000000041797c       0x20 libbb/lib.a(xatonum.o)
                0x000000000041797c                xatoi_u
 .text.utoa_to_buf
                0x000000000041799c       0x98 libbb/lib.a(xfuncs.o)
                0x000000000041799c                utoa_to_buf
 .text.itoa_to_buf
                0x0000000000417a34       0x38 libbb/lib.a(xfuncs.o)
                0x0000000000417a34                itoa_to_buf
 .text.itoa     0x0000000000417a6c       0x4c libbb/lib.a(xfuncs.o)
                0x0000000000417a6c                itoa
 .text.bb_xioctl
                0x0000000000417ab8       0x5c libbb/lib.a(xfuncs.o)
                0x0000000000417ab8                bb_xioctl
 .text.bb_ioctl_or_warn
                0x0000000000417b14       0x70 libbb/lib.a(xfuncs.o)
                0x0000000000417b14                bb_ioctl_or_warn
 .text.ioctl_or_perror_and_die
                0x0000000000417b84       0xa0 libbb/lib.a(xfuncs.o)
                0x0000000000417b84                ioctl_or_perror_and_die
 .text.get_terminal_width_height
                0x0000000000417c24      0x160 libbb/lib.a(xfuncs.o)
                0x0000000000417c24                get_terminal_width_height
 .text.xstat    0x0000000000417d84       0x5c libbb/lib.a(xfuncs.o)
                0x0000000000417d84                xstat
 .text.xsendto  0x0000000000417de0       0x60 libbb/lib.a(xfuncs.o)
                0x0000000000417de0                xsendto
 .text.xlisten  0x0000000000417e40       0x58 libbb/lib.a(xfuncs.o)
                0x0000000000417e40                xlisten
 .text.xbind    0x0000000000417e98       0x58 libbb/lib.a(xfuncs.o)
                0x0000000000417e98                xbind
 .text.xsocket  0x0000000000417ef0       0x58 libbb/lib.a(xfuncs.o)
                0x0000000000417ef0                xsocket
 .text.xopendir
                0x0000000000417f48       0x5c libbb/lib.a(xfuncs.o)
                0x0000000000417f48                xopendir
 .text.warn_opendir
                0x0000000000417fa4       0x70 libbb/lib.a(xfuncs.o)
                0x0000000000417fa4                warn_opendir
 .text.xchdir   0x0000000000418014       0x5c libbb/lib.a(xfuncs.o)
                0x0000000000418014                xchdir
 .text.xasprintf
                0x0000000000418070       0x70 libbb/lib.a(xfuncs.o)
                0x0000000000418070                xasprintf
 .text.xlseek   0x00000000004180e0       0x94 libbb/lib.a(xfuncs.o)
                0x00000000004180e0                xlseek
 .text.fdlength
                0x0000000000418174      0x21c libbb/lib.a(xfuncs.o)
                0x0000000000418174                fdlength
 .text.xsetuid  0x0000000000418390       0x58 libbb/lib.a(xfuncs.o)
                0x0000000000418390                xsetuid
 .text.xsetgid  0x00000000004183e8       0x58 libbb/lib.a(xfuncs.o)
                0x00000000004183e8                xsetgid
 .text.xsetenv  0x0000000000418440       0x54 libbb/lib.a(xfuncs.o)
                0x0000000000418440                xsetenv
 .text.die_if_ferror
                0x0000000000418494       0x5c libbb/lib.a(xfuncs.o)
                0x0000000000418494                die_if_ferror
 .text.die_if_ferror_stdout
                0x00000000004184f0       0x24 libbb/lib.a(xfuncs.o)
                0x00000000004184f0                die_if_ferror_stdout
 .text.xwrite   0x0000000000418514       0x64 libbb/lib.a(xfuncs.o)
                0x0000000000418514                xwrite
 .text.ndelay_off
                0x0000000000418578       0x54 libbb/lib.a(xfuncs.o)
                0x0000000000418578                ndelay_off
 .text.ndelay_on
                0x00000000004185cc       0x50 libbb/lib.a(xfuncs.o)
                0x00000000004185cc                ndelay_on
 .text.open3_or_warn
                0x000000000041861c       0x70 libbb/lib.a(xfuncs.o)
                0x000000000041861c                open3_or_warn
 .text.open_or_warn
                0x000000000041868c       0x1c libbb/lib.a(xfuncs.o)
                0x000000000041868c                open_or_warn
 .text.xopen3   0x00000000004186a8       0x5c libbb/lib.a(xfuncs.o)
                0x00000000004186a8                xopen3
 .text.xopen    0x0000000000418704       0x1c libbb/lib.a(xfuncs.o)
                0x0000000000418704                xopen
 .text.xfopen   0x0000000000418720       0x5c libbb/lib.a(xfuncs.o)
                0x0000000000418720                xfopen
 .text.xstrdup  0x000000000041877c       0x5c libbb/lib.a(xfuncs.o)
                0x000000000041877c                xstrdup
 .text.xrealloc
                0x00000000004187d8       0x60 libbb/lib.a(xfuncs.o)
                0x00000000004187d8                xrealloc
 .text.xmalloc  0x0000000000418838       0x60 libbb/lib.a(xfuncs.o)
                0x0000000000418838                xmalloc
 .text.xstrndup
                0x0000000000418898       0x90 libbb/lib.a(xfuncs.o)
                0x0000000000418898                xstrndup
 .text.xzalloc  0x0000000000418928       0x68 libbb/lib.a(xfuncs.o)
                0x0000000000418928                xzalloc
 .text.malloc_or_warn
                0x0000000000418990       0x70 libbb/lib.a(xfuncs.o)
                0x0000000000418990                malloc_or_warn
 .text.xrealloc_getcwd_or_warn
                0x0000000000418a00       0xf0 libbb/lib.a(xgetcwd.o)
                0x0000000000418a00                xrealloc_getcwd_or_warn
 .text.xmalloc_readlink
                0x0000000000418af0       0xc0 libbb/lib.a(xreadlink.o)
                0x0000000000418af0                xmalloc_readlink
 .text.xmalloc_readlink_or_warn
                0x0000000000418bb0       0x70 libbb/lib.a(xreadlink.o)
                0x0000000000418bb0                xmalloc_readlink_or_warn
 .text.regcomp_or_errmsg
                0x0000000000418c20       0xc0 libbb/lib.a(xregcomp.o)
                0x0000000000418c20                regcomp_or_errmsg
 .text.xregcomp
                0x0000000000418ce0       0x58 libbb/lib.a(xregcomp.o)
                0x0000000000418ce0                xregcomp
 .text.chpasswd_main
                0x0000000000418d38      0x21c loginutils/lib.a(chpasswd.o)
                0x0000000000418d38                chpasswd_main
 .text.login_main
                0x0000000000418f54      0x824 loginutils/lib.a(login.o)
                0x0000000000418f54                login_main
 .text.alarm_handler
                0x0000000000419778       0x74 loginutils/lib.a(login.o)
 .text.nuke_str
                0x00000000004197ec       0x64 loginutils/lib.a(passwd.o)
 .text.passwd_main
                0x0000000000419850      0x6fc loginutils/lib.a(passwd.o)
                0x0000000000419850                passwd_main
 .text.print_hilite
                0x0000000000419f4c       0x24 miscutils/lib.a(less.o)
 .text.clear_line
                0x0000000000419f70       0x2c miscutils/lib.a(less.o)
 .text.print_statusline
                0x0000000000419f9c       0x64 miscutils/lib.a(less.o)
 .text.read_lines
                0x000000000041a000      0x490 miscutils/lib.a(less.o)
 .text.print_ascii
                0x000000000041a490      0x1ac miscutils/lib.a(less.o)
 .text.buffer_print
                0x000000000041a63c      0x1ac miscutils/lib.a(less.o)
 .text.buffer_fill_and_print
                0x000000000041a7e8       0xac miscutils/lib.a(less.o)
 .text.reinitialize
                0x000000000041a894      0x154 miscutils/lib.a(less.o)
 .text.change_file
                0x000000000041a9e8       0xe0 miscutils/lib.a(less.o)
 .text.buffer_line
                0x000000000041aac8       0x98 miscutils/lib.a(less.o)
 .text.buffer_up
                0x000000000041ab60       0x70 miscutils/lib.a(less.o)
 .text.buffer_down
                0x000000000041abd0       0xc4 miscutils/lib.a(less.o)
 .text.set_tty_cooked
                0x000000000041ac94       0x54 miscutils/lib.a(less.o)
 .text.less_gets
                0x000000000041ace8      0x1e0 miscutils/lib.a(less.o)
 .text.examine_file
                0x000000000041aec8       0xa8 miscutils/lib.a(less.o)
 .text.less_getch
                0x000000000041af70      0x2b4 miscutils/lib.a(less.o)
 .text.less_exit
                0x000000000041b224       0x98 miscutils/lib.a(less.o)
 .text.less_main
                0x000000000041b2bc      0xb6c miscutils/lib.a(less.o)
                0x000000000041b2bc                less_main
 .text.sig_catcher
                0x000000000041be28       0x44 miscutils/lib.a(less.o)
 .text.obj_find_symbol
                0x000000000041be6c       0xb4 modutils/lib.a(insmod.o)
 .text.obj_symbol_final_value
                0x000000000041bf20       0x4c modutils/lib.a(insmod.o)
 .text.obj_elf_hash
                0x000000000041bf6c       0x84 modutils/lib.a(insmod.o)
 .text.obj_extend_section
                0x000000000041bff0       0x64 modutils/lib.a(insmod.o)
 .text.insmod_ng_main
                0x000000000041c054      0x220 modutils/lib.a(insmod.o)
                0x000000000041c054                insmod_ng_main
 .text.obj_load_order_prio
                0x000000000041c274       0xd8 modutils/lib.a(insmod.o)
 .text.obj_insert_section_load_order
                0x000000000041c34c       0xac modutils/lib.a(insmod.o)
 .text.obj_find_section
                0x000000000041c3f8       0xac modutils/lib.a(insmod.o)
 .text.obj_symbol_patch
                0x000000000041c4a4       0x80 modutils/lib.a(insmod.o)
 .text.arch_new_symbol
                0x000000000041c524       0x60 modutils/lib.a(insmod.o)
 .text.obj_add_symbol
                0x000000000041c584      0x2c8 modutils/lib.a(insmod.o)
 .text.arch_new_section
                0x000000000041c84c       0x1c modutils/lib.a(insmod.o)
 .text.obj_create_alloced_section
                0x000000000041c868      0x130 modutils/lib.a(insmod.o)
 .text.obj_load
                0x000000000041c998      0x644 modutils/lib.a(insmod.o)
 .text.obj_allocate_commons
                0x000000000041cfdc      0x3a8 modutils/lib.a(insmod.o)
 .text.obj_gpl_license
                0x000000000041d384      0x13c modutils/lib.a(insmod.o)
 .text.get_modinfo_value
                0x000000000041d4c0      0x158 modutils/lib.a(insmod.o)
 .text.add_symbols_from
                0x000000000041d618      0x148 modutils/lib.a(insmod.o)
 .text.obj_string_patch
                0x000000000041d760      0x148 modutils/lib.a(insmod.o)
 .text.new_create_module_ksymtab
                0x000000000041d8a8      0x304 modutils/lib.a(insmod.o)
 .text.new_add_ksymtab
                0x000000000041dbac      0x140 modutils/lib.a(insmod.o)
 .text.new_process_module_arguments
                0x000000000041dcec      0x6ec modutils/lib.a(insmod.o)
 .text.set_tainted
                0x000000000041e3d8      0x138 modutils/lib.a(insmod.o)
 .text.print_load_map
                0x000000000041e510      0x374 modutils/lib.a(insmod.o)
 .text.insmod_main
                0x000000000041e884     0x1b0c modutils/lib.a(insmod.o)
                0x000000000041e884                insmod_main
 .text.check_module_name_match
                0x0000000000420390       0xe8 modutils/lib.a(insmod.o)
 .text.lsmod_main
                0x0000000000420478      0x338 modutils/lib.a(lsmod.o)
                0x0000000000420478                lsmod_main
 .text.rmmod_main
                0x00000000004207b0      0x220 modutils/lib.a(rmmod.o)
                0x00000000004207b0                rmmod_main
 .text.arp_main
                0x00000000004209d0      0xdc4 networking/lib.a(arp.o)
                0x00000000004209d0                arp_main
 .text.ifconfig_main
                0x0000000000421794      0x78c networking/lib.a(ifconfig.o)
                0x0000000000421794                ifconfig_main
 .text.get_afntype
                0x0000000000421f20       0x40 networking/lib.a(interface.o)
 .text.hexchar2int
                0x0000000000421f60       0x34 networking/lib.a(interface.o)
 .text.in_ether
                0x0000000000421f94      0x11c networking/lib.a(interface.o)
 .text.get_hwntype
                0x00000000004220b0       0x40 networking/lib.a(interface.o)
                0x00000000004220b0                get_hwntype
 .text.get_hwtype
                0x00000000004220f0       0x7c networking/lib.a(interface.o)
                0x00000000004220f0                get_hwtype
 .text.get_aftype
                0x000000000042216c       0x7c networking/lib.a(interface.o)
                0x000000000042216c                get_aftype
 .text.add_interface
                0x00000000004221e8      0x134 networking/lib.a(interface.o)
 .text.if_readconf
                0x000000000042231c      0x150 networking/lib.a(interface.o)
 .text.if_readlist_proc
                0x000000000042246c      0x3d8 networking/lib.a(interface.o)
 .text.do_if_fetch
                0x0000000000422844      0x4e0 networking/lib.a(interface.o)
 .text.print_bytes_scaled
                0x0000000000422d24       0xc8 networking/lib.a(interface.o)
 .text.UNSPEC_print
                0x0000000000422dec       0x9c networking/lib.a(interface.o)
 .text.UNSPEC_sprint
                0x0000000000422e88       0x48 networking/lib.a(interface.o)
 .text.INET6_input
                0x0000000000422ed0       0x1c networking/lib.a(interface.o)
 .text.INET_input
                0x0000000000422eec       0x1c networking/lib.a(interface.o)
 .text.INET_sprint
                0x0000000000422f08       0xa0 networking/lib.a(interface.o)
 .text.INET6_sprint
                0x0000000000422fa8       0x9c networking/lib.a(interface.o)
 .text.ife_print
                0x0000000000423044      0x95c networking/lib.a(interface.o)
 .text.display_interfaces
                0x00000000004239a0      0x1b4 networking/lib.a(interface.o)
                0x00000000004239a0                display_interfaces
 .text.pr_ether
                0x0000000000423b54       0x8c networking/lib.a(interface.o)
 .text.do_info  0x0000000000423be0      0x150 networking/lib.a(netstat.o)
 .text.netstat_main
                0x0000000000423d30      0x43c networking/lib.a(netstat.o)
                0x0000000000423d30                netstat_main
 .text.build_ipv4_addr
                0x000000000042416c       0x50 networking/lib.a(netstat.o)
 .text.unix_do_one
                0x00000000004241bc      0x400 networking/lib.a(netstat.o)
 .text.build_ipv6_addr
                0x00000000004245bc       0xb0 networking/lib.a(netstat.o)
 .text.ip_port_str
                0x000000000042466c      0x120 networking/lib.a(netstat.o)
 .text.raw_do_one
                0x000000000042478c      0x2b8 networking/lib.a(netstat.o)
 .text.udp_do_one
                0x0000000000424a44      0x2d0 networking/lib.a(netstat.o)
 .text.tcp_do_one
                0x0000000000424d14      0x250 networking/lib.a(netstat.o)
 .text.ping_main
                0x0000000000424f64      0x3fc networking/lib.a(ping.o)
                0x0000000000424f64                ping_main
 .text.ping6_main
                0x0000000000425360       0x28 networking/lib.a(ping.o)
                0x0000000000425360                ping6_main
 .text.noresp   0x0000000000425388       0x48 networking/lib.a(ping.o)
 .text.set_flags
                0x00000000004253d0       0x60 networking/lib.a(route.o)
 .text.kw_lookup
                0x0000000000425430       0xe4 networking/lib.a(route.o)
 .text.bb_displayroutes
                0x0000000000425514      0x2fc networking/lib.a(route.o)
                0x0000000000425514                bb_displayroutes
 .text.route_main
                0x0000000000425810      0xd10 networking/lib.a(route.o)
                0x0000000000425810                route_main
 .text.putiac   0x0000000000426520       0x30 networking/lib.a(telnet.o)
 .text.fgotsig  0x0000000000426550       0x18 networking/lib.a(telnet.o)
 .text.iacflush
                0x0000000000426568       0x4c networking/lib.a(telnet.o)
 .text.putiac2  0x00000000004265b4       0xa4 networking/lib.a(telnet.o)
 .text.cookmode
                0x0000000000426658       0x38 networking/lib.a(telnet.o)
 .text.rawmode  0x0000000000426690       0x38 networking/lib.a(telnet.o)
 .text.setConMode
                0x00000000004266c8       0xbc networking/lib.a(telnet.o)
 .text.doexit   0x0000000000426784       0x48 networking/lib.a(telnet.o)
 .text.conescape
                0x00000000004267cc      0x274 networking/lib.a(telnet.o)
 .text.telnet_main
                0x0000000000426a40      0xadc networking/lib.a(telnet.o)
                0x0000000000426a40                telnet_main
 .text.send_iac
                0x000000000042751c       0x3c networking/lib.a(telnetd.o)
 .text.make_new_session
                0x0000000000427558      0x444 networking/lib.a(telnetd.o)
 .text.free_session
                0x000000000042799c      0x180 networking/lib.a(telnetd.o)
 .text.telnetd_main
                0x0000000000427b1c      0x844 networking/lib.a(telnetd.o)
                0x0000000000427b1c                telnetd_main
 .text.in_cksum
                0x0000000000428360       0x58 networking/lib.a(traceroute.o)
 .text.freehostinfo
                0x00000000004283b8       0x64 networking/lib.a(traceroute.o)
 .text.ifaddrlist
                0x000000000042841c      0x294 networking/lib.a(traceroute.o)
 .text.gethostinfo
                0x00000000004286b0      0x188 networking/lib.a(traceroute.o)
 .text.setsin   0x0000000000428838       0x5c networking/lib.a(traceroute.o)
 .text.traceroute_main
                0x0000000000428894     0x13f8 networking/lib.a(traceroute.o)
                0x0000000000428894                traceroute_main
 .text.base64enc_512
                0x0000000000429c8c       0x7c networking/lib.a(wget.o)
 .text.parse_url
                0x0000000000429d08      0x278 networking/lib.a(wget.o)
 .text.gethdr   0x0000000000429f80      0x1f4 networking/lib.a(wget.o)
 .text.open_socket
                0x000000000042a174       0x74 networking/lib.a(wget.o)
 .text.safe_fgets
                0x000000000042a1e8       0xc4 networking/lib.a(wget.o)
 .text.alarmtimer
                0x000000000042a2ac       0x50 networking/lib.a(wget.o)
 .text.progressmeter
                0x000000000042a2fc      0x668 networking/lib.a(wget.o)
 .text.updateprogressmeter
                0x000000000042a964       0x5c networking/lib.a(wget.o)
 .text.ftpcmd   0x000000000042a9c0      0x134 networking/lib.a(wget.o)
 .text.wget_main
                0x000000000042aaf4     0x1124 networking/lib.a(wget.o)
                0x000000000042aaf4                wget_main
 .text.free_main
                0x000000000042bc18      0x2c8 procps/lib.a(free.o)
                0x000000000042bc18                free_main
 .text.kill_main
                0x000000000042bee0      0x48c procps/lib.a(kill.o)
                0x000000000042bee0                kill_main
 .text.ps_main  0x000000000042c36c      0x1c8 procps/lib.a(ps.o)
                0x000000000042c36c                ps_main
 .text.dwrite_str
                0x000000000042c534       0x5c procps/lib.a(sysctl.o)
 .text.sysctl_write_setting
                0x000000000042c590      0x2f0 procps/lib.a(sysctl.o)
 .text.sysctl_read_setting
                0x000000000042c880      0x28c procps/lib.a(sysctl.o)
 .text.sysctl_display_all
                0x000000000042cb0c      0x194 procps/lib.a(sysctl.o)
 .text.sysctl_main
                0x000000000042cca0      0x3b4 procps/lib.a(sysctl.o)
                0x000000000042cca0                sysctl_main
 .text.pid_sort
                0x000000000042d054       0x10 procps/lib.a(top.o)
 .text.mem_sort
                0x000000000042d064       0x28 procps/lib.a(top.o)
 .text.pcpu_sort
                0x000000000042d08c       0x10 procps/lib.a(top.o)
 .text.time_sort
                0x000000000042d09c       0x28 procps/lib.a(top.o)
 .text.mult_lvl_cmp
                0x000000000042d0c4       0x7c procps/lib.a(top.o)
 .text.reset_term
                0x000000000042d140       0x24 procps/lib.a(top.o)
 .text.fmt_100percent_8
                0x000000000042d164      0x128 procps/lib.a(top.o)
 .text.do_stats
                0x000000000042d28c      0x30c procps/lib.a(top.o)
 .text.display_status
                0x000000000042d598      0x88c procps/lib.a(top.o)
 .text.clearmems
                0x000000000042de24       0x60 procps/lib.a(top.o)
 .text.sig_catcher
                0x000000000042de84       0x44 procps/lib.a(top.o)
 .text.top_main
                0x000000000042dec8      0x654 procps/lib.a(top.o)
                0x000000000042dec8                top_main
 .text.uptime_main
                0x000000000042e51c      0x234 procps/lib.a(uptime.o)
                0x000000000042e51c                uptime_main
 .text.stunalloc
                0x000000000042e750       0x30 shell/lib.a(ash.o)
 .text.setstackmark
                0x000000000042e780       0x44 shell/lib.a(ash.o)
 .text.prefix   0x000000000042e7c4       0x38 shell/lib.a(ash.o)
 .text.is_number
                0x000000000042e7fc       0x38 shell/lib.a(ash.o)
 .text.varcmp   0x000000000042e834       0x50 shell/lib.a(ash.o)
 .text.varequal
                0x000000000042e884       0x40 shell/lib.a(ash.o)
 .text.hashvar  0x000000000042e8c4       0x80 shell/lib.a(ash.o)
 .text.vpcmp    0x000000000042e944       0x24 shell/lib.a(ash.o)
 .text.findvar  0x000000000042e968       0x7c shell/lib.a(ash.o)
 .text.setprompt
                0x000000000042e9e4       0x6c shell/lib.a(ash.o)
 .text.set_curjob
                0x000000000042ea50       0xa0 shell/lib.a(ash.o)
 .text.jobno    0x000000000042eaf0       0x34 shell/lib.a(ash.o)
 .text.getstatus
                0x000000000042eb24       0x74 shell/lib.a(ash.o)
 .text.falsecmd
                0x000000000042eb98        0x8 shell/lib.a(ash.o)
 .text.truecmd  0x000000000042eba0        0x8 shell/lib.a(ash.o)
 .text.bltincmd
                0x000000000042eba8       0x20 shell/lib.a(ash.o)
 .text.pungetc  0x000000000042ebc8       0x30 shell/lib.a(ash.o)
 .text.freealias
                0x000000000042ebf8       0x9c shell/lib.a(ash.o)
 .text.freeparam
                0x000000000042ec94       0x88 shell/lib.a(ash.o)
 .text.freefunc
                0x000000000042ed1c       0x38 shell/lib.a(ash.o)
 .text.pstrcmp  0x000000000042ed54       0x20 shell/lib.a(ash.o)
 .text.msort    0x000000000042ed74      0x128 shell/lib.a(ash.o)
 .text.__lookupalias
                0x000000000042ee9c       0xdc shell/lib.a(ash.o)
 .text.lookupalias
                0x000000000042ef78       0x74 shell/lib.a(ash.o)
 .text.ignoresig
                0x000000000042efec       0x6c shell/lib.a(ash.o)
 .text.raise_exception
                0x000000000042f058       0x50 shell/lib.a(ash.o)
 .text.raise_interrupt
                0x000000000042f0a8       0xfc shell/lib.a(ash.o)
 .text.onsig    0x000000000042f1a4       0xb0 shell/lib.a(ash.o)
 .text.force_int_on
                0x000000000042f254       0x60 shell/lib.a(ash.o)
 .text.int_on   0x000000000042f2b4       0x7c shell/lib.a(ash.o)
 .text.delete_cmd_entry
                0x000000000042f330       0xb0 shell/lib.a(ash.o)
 .text.clearcmdentry
                0x000000000042f3e0       0xfc shell/lib.a(ash.o)
 .text.changepath
                0x000000000042f4dc      0x16c shell/lib.a(ash.o)
 .text.removerecordregions
                0x000000000042f648      0x1d8 shell/lib.a(ash.o)
 .text.freejob  0x000000000042f820       0xe8 shell/lib.a(ash.o)
 .text.unalias  0x000000000042f908       0xa4 shell/lib.a(ash.o)
 .text.popstring
                0x000000000042f9ac      0x168 shell/lib.a(ash.o)
 .text.popfile  0x000000000042fb14      0x120 shell/lib.a(ash.o)
 .text.popallfiles
                0x000000000042fc34       0x6c shell/lib.a(ash.o)
 .text.popstackmark
                0x000000000042fca0       0xcc shell/lib.a(ash.o)
 .text.flush_stderr
                0x000000000042fd6c       0x60 shell/lib.a(ash.o)
 .text.flush_stdout_stderr
                0x000000000042fdcc       0x7c shell/lib.a(ash.o)
 .text.outcslow
                0x000000000042fe48       0xa4 shell/lib.a(ash.o)
 .text.showpipe
                0x000000000042feec       0xac shell/lib.a(ash.o)
 .text.ash_vmsg
                0x000000000042ff98      0x154 shell/lib.a(ash.o)
 .text.ash_vmsg_and_raise
                0x00000000004300ec       0x6c shell/lib.a(ash.o)
 .text.ash_msg_and_raise
                0x0000000000430158       0x38 shell/lib.a(ash.o)
 .text.ash_msg_and_raise_error
                0x0000000000430190       0x44 shell/lib.a(ash.o)
 .text.raise_error_syntax
                0x00000000004301d4       0x30 shell/lib.a(ash.o)
 .text.varunset
                0x0000000000430204       0x8c shell/lib.a(ash.o)
 .text.copyfd   0x0000000000430290       0x84 shell/lib.a(ash.o)
 .text.popredir
                0x0000000000430314      0x144 shell/lib.a(ash.o)
 .text.clearredir
                0x0000000000430458       0x68 shell/lib.a(ash.o)
 .text.nextopt  0x00000000004304c0      0x174 shell/lib.a(ash.o)
 .text.unaliascmd
                0x0000000000430634      0x194 shell/lib.a(ash.o)
 .text.cdopt    0x00000000004307c8       0x78 shell/lib.a(ash.o)
 .text.SIT      0x0000000000430840       0xdc shell/lib.a(ash.o)
 .text.lookupvar
                0x000000000043091c       0x98 shell/lib.a(ash.o)
 .text.bltinlookup
                0x00000000004309b4       0xb4 shell/lib.a(ash.o)
 .text.ckrealloc
                0x0000000000430a68       0x58 shell/lib.a(ash.o)
 .text.ckmalloc
                0x0000000000430ac0       0x20 shell/lib.a(ash.o)
 .text.pushfile
                0x0000000000430ae0       0xa0 shell/lib.a(ash.o)
 .text.recordregion
                0x0000000000430b80       0xd4 shell/lib.a(ash.o)
 .text.stalloc  0x0000000000430c54      0x11c shell/lib.a(ash.o)
 .text.makename
                0x0000000000430d70       0x70 shell/lib.a(ash.o)
 .text.fixredir
                0x0000000000430de0       0xc4 shell/lib.a(ash.o)
 .text.ckstrdup
                0x0000000000430ea4       0x58 shell/lib.a(ash.o)
 .text.setparam
                0x0000000000430efc       0xf4 shell/lib.a(ash.o)
 .text.setvareq
                0x0000000000430ff0      0x1dc shell/lib.a(ash.o)
 .text.listsetvar
                0x00000000004311cc       0x98 shell/lib.a(ash.o)
 .text.setinputstring
                0x0000000000431264       0xa4 shell/lib.a(ash.o)
 .text.pushstring
                0x0000000000431308      0x108 shell/lib.a(ash.o)
 .text.calcsize
                0x0000000000431410      0x188 shell/lib.a(ash.o)
 .text.sizenodelist
                0x0000000000431598       0x68 shell/lib.a(ash.o)
 .text.growstackblock
                0x0000000000431600      0x1d0 shell/lib.a(ash.o)
 .text.makestrspace
                0x00000000004317d0       0x94 shell/lib.a(ash.o)
 .text.memtodest
                0x0000000000431864      0x10c shell/lib.a(ash.o)
 .text.cmdputs  0x0000000000431970      0x2b4 shell/lib.a(ash.o)
 .text.cmdlist  0x0000000000431c24       0xc0 shell/lib.a(ash.o)
 .text.cmdtxt   0x0000000000431ce4      0x544 shell/lib.a(ash.o)
 .text.stack_nputstr
                0x0000000000432228       0x70 shell/lib.a(ash.o)
 .text.stack_putstr
                0x0000000000432298       0x5c shell/lib.a(ash.o)
 .text.ststrdup
                0x00000000004322f4       0x74 shell/lib.a(ash.o)
 .text.addfname
                0x0000000000432368       0x88 shell/lib.a(ash.o)
 .text.endofname
                0x00000000004323f0       0x90 shell/lib.a(ash.o)
 .text.goodname
                0x0000000000432480       0x44 shell/lib.a(ash.o)
 .text.isassignment
                0x00000000004324c4       0x60 shell/lib.a(ash.o)
 .text.setvar   0x0000000000432524      0x17c shell/lib.a(ash.o)
 .text.localcmd
                0x00000000004326a0      0x244 shell/lib.a(ash.o)
 .text.unsetvar
                0x00000000004328e4      0x150 shell/lib.a(ash.o)
 .text.setpwd   0x0000000000432a34      0x19c shell/lib.a(ash.o)
 .text.outstr   0x0000000000432bd0       0x5c shell/lib.a(ash.o)
 .text.out2str  0x0000000000432c2c       0x4c shell/lib.a(ash.o)
 .text.stoppedjobs
                0x0000000000432c78       0x98 shell/lib.a(ash.o)
 .text.out1str  0x0000000000432d10       0x24 shell/lib.a(ash.o)
 .text.ash_msg  0x0000000000432d34       0x50 shell/lib.a(ash.o)
 .text.out1fmt  0x0000000000432d84       0x80 shell/lib.a(ash.o)
 .text.printlim
                0x0000000000432e04       0xac shell/lib.a(ash.o)
 .text.helpcmd  0x0000000000432eb0       0xec shell/lib.a(ash.o)
 .text.options  0x0000000000432f9c      0x374 shell/lib.a(ash.o)
 .text.pwdcmd   0x0000000000433310       0xac shell/lib.a(ash.o)
 .text.setinputfile
                0x00000000004333bc      0x1c0 shell/lib.a(ash.o)
 .text.setsignal
                0x000000000043357c      0x274 shell/lib.a(ash.o)
 .text.xtcsetpgrp
                0x00000000004337f0       0x5c shell/lib.a(ash.o)
 .text.setjobctl
                0x000000000043384c      0x2c0 shell/lib.a(ash.o)
 .text.optschanged
                0x0000000000433b0c       0xfc shell/lib.a(ash.o)
 .text.pgetc    0x0000000000433c08      0x428 shell/lib.a(ash.o)
 .text.pgetc2   0x0000000000434030       0x4c shell/lib.a(ash.o)
 .text.growstackstr
                0x000000000043407c       0xb0 shell/lib.a(ash.o)
 .text.listvars
                0x000000000043412c      0x150 shell/lib.a(ash.o)
 .text._STPUTC  0x000000000043427c       0x68 shell/lib.a(ash.o)
 .text.tokname  0x00000000004342e4       0x90 shell/lib.a(ash.o)
 .text.raise_error_unexpected_syntax
                0x0000000000434374       0xb8 shell/lib.a(ash.o)
 .text.find_builtin
                0x000000000043442c       0x50 shell/lib.a(ash.o)
 .text.findkwd  0x000000000043447c       0x50 shell/lib.a(ash.o)
 .text.getjob   0x00000000004344cc      0x244 shell/lib.a(ash.o)
 .text.number   0x0000000000434710       0x68 shell/lib.a(ash.o)
 .text.exitcmd  0x0000000000434778       0x9c shell/lib.a(ash.o)
 .text.shiftcmd
                0x0000000000434814      0x134 shell/lib.a(ash.o)
 .text.breakcmd
                0x0000000000434948       0xd0 shell/lib.a(ash.o)
 .text.returncmd
                0x0000000000434a18       0x6c shell/lib.a(ash.o)
 .text.fmtstr   0x0000000000434a84       0x7c shell/lib.a(ash.o)
 .text.cvtnum   0x0000000000434b00       0x88 shell/lib.a(ash.o)
 .text.sprint_status
                0x0000000000434b88      0x170 shell/lib.a(ash.o)
 .text.dowait   0x0000000000434cf8      0x26c shell/lib.a(ash.o)
 .text.waitforjob
                0x0000000000434f64      0x10c shell/lib.a(ash.o)
 .text.fg_bgcmd
                0x0000000000435070      0x244 shell/lib.a(ash.o)
 .text.waitcmd  0x00000000004352b4      0x230 shell/lib.a(ash.o)
 .text.nodeckstrdup
                0x00000000004354e4       0x88 shell/lib.a(ash.o)
 .text.copynode
                0x000000000043556c      0x20c shell/lib.a(ash.o)
 .text.copynodelist
                0x0000000000435778       0x90 shell/lib.a(ash.o)
 .text.cmdlookup
                0x0000000000435808      0x160 shell/lib.a(ash.o)
 .text.unsetcmd
                0x0000000000435968      0x11c shell/lib.a(ash.o)
 .text.showjob  0x0000000000435a84      0x2c4 shell/lib.a(ash.o)
 .text.showjobs
                0x0000000000435d48       0xc0 shell/lib.a(ash.o)
 .text.jobscmd  0x0000000000435e08      0x10c shell/lib.a(ash.o)
 .text.padvance
                0x0000000000435f14      0x1e8 shell/lib.a(ash.o)
 .text.umaskcmd
                0x00000000004360fc      0x2a4 shell/lib.a(ash.o)
 .text.ulimitcmd
                0x00000000004363a0      0x348 shell/lib.a(ash.o)
 .text.single_quote
                0x00000000004366e8      0x144 shell/lib.a(ash.o)
 .text.printalias
                0x000000000043682c       0x64 shell/lib.a(ash.o)
 .text.aliascmd
                0x0000000000436890      0x268 shell/lib.a(ash.o)
 .text.errmsg   0x0000000000436af8       0x38 shell/lib.a(ash.o)
 .text.trapcmd  0x0000000000436b30      0x240 shell/lib.a(ash.o)
 .text.timescmd
                0x0000000000436d70      0x12c shell/lib.a(ash.o)
 .text.showvars
                0x0000000000436e9c      0x138 shell/lib.a(ash.o)
 .text.exportcmd
                0x0000000000436fd4      0x178 shell/lib.a(ash.o)
 .text.setcmd   0x000000000043714c       0xf4 shell/lib.a(ash.o)
 .text.readcmd  0x0000000000437240      0x390 shell/lib.a(ash.o)
 .text.killcmd  0x00000000004375d0      0x108 shell/lib.a(ash.o)
 .text.tryexec  0x00000000004376d8      0x12c shell/lib.a(ash.o)
 .text.shellexec
                0x0000000000437804      0x1d0 shell/lib.a(ash.o)
 .text.execcmd  0x00000000004379d4       0x7c shell/lib.a(ash.o)
 .text.echocmd  0x0000000000437a50       0x1c shell/lib.a(ash.o)
 .text.cdcmd    0x0000000000437a6c      0x5bc shell/lib.a(ash.o)
 .text.testcmd  0x0000000000438028       0x1c shell/lib.a(ash.o)
 .text._rmescapes
                0x0000000000438044      0x1e4 shell/lib.a(ash.o)
 .text.parsefname
                0x0000000000438228      0x210 shell/lib.a(ash.o)
 .text.parse_command
                0x0000000000438438      0xad4 shell/lib.a(ash.o)
 .text.pipeline
                0x0000000000438f0c      0x1cc shell/lib.a(ash.o)
 .text.list     0x00000000004390d8      0x330 shell/lib.a(ash.o)
 .text.readtoken1
                0x0000000000439408     0x11c8 shell/lib.a(ash.o)
 .text.parseheredoc
                0x000000000043a5d0      0x128 shell/lib.a(ash.o)
 .text.xxreadtoken
                0x000000000043a6f8      0x2e4 shell/lib.a(ash.o)
 .text.readtoken
                0x000000000043a9dc      0x1b4 shell/lib.a(ash.o)
 .text.parsecmd
                0x000000000043ab90       0xbc shell/lib.a(ash.o)
 .text.peektoken
                0x000000000043ac4c       0x68 shell/lib.a(ash.o)
 .text.preglob  0x000000000043acb4       0x2c shell/lib.a(ash.o)
 .text.makejob  0x000000000043ace0      0x240 shell/lib.a(ash.o)
 .text.scanright
                0x000000000043af20      0x134 shell/lib.a(ash.o)
 .text.scanleft
                0x000000000043b054       0xd4 shell/lib.a(ash.o)
 .text.forkshell
                0x000000000043b128      0x520 shell/lib.a(ash.o)
 .text.expmeta  0x000000000043b648      0x3d0 shell/lib.a(ash.o)
 .text.redirect
                0x000000000043ba18      0x6dc shell/lib.a(ash.o)
 .text.redirectsafe
                0x000000000043c0f4      0x11c shell/lib.a(ash.o)
 .text.evaltree
                0x000000000043c210      0x4d4 shell/lib.a(ash.o)
 .text.cmdloop  0x000000000043c6e4      0x1c8 shell/lib.a(ash.o)
 .text.find_command
                0x000000000043c8ac      0x610 shell/lib.a(ash.o)
 .text.describe_command
                0x000000000043cebc      0x344 shell/lib.a(ash.o)
 .text.commandcmd
                0x000000000043d200       0xa8 shell/lib.a(ash.o)
 .text.typecmd  0x000000000043d2a8       0xc4 shell/lib.a(ash.o)
 .text.hashcmd  0x000000000043d36c      0x26c shell/lib.a(ash.o)
 .text.dotcmd   0x000000000043d5d8      0x27c shell/lib.a(ash.o)
 .text.evalstring
                0x000000000043d854      0x118 shell/lib.a(ash.o)
 .text.exitshell
                0x000000000043d96c       0xe4 shell/lib.a(ash.o)
 .text.read_profile
                0x000000000043da50       0x9c shell/lib.a(ash.o)
 .text.ash_main
                0x000000000043daec      0x80c shell/lib.a(ash.o)
                0x000000000043daec                ash_main
 .text.evalcmd  0x000000000043e2f8       0xfc shell/lib.a(ash.o)
 .text.evalfun  0x000000000043e3f4      0x378 shell/lib.a(ash.o)
 .text.evalloop
                0x000000000043e76c      0x160 shell/lib.a(ash.o)
 .text.argstr   0x000000000043e8cc      0x7c4 shell/lib.a(ash.o)
 .text.expandarg
                0x000000000043f090      0x670 shell/lib.a(ash.o)
 .text.expredir
                0x000000000043f700      0x104 shell/lib.a(ash.o)
 .text.evalsubshell
                0x000000000043f804      0x174 shell/lib.a(ash.o)
 .text.evalcase
                0x000000000043f978      0x23c shell/lib.a(ash.o)
 .text.evalfor  0x000000000043fbb4      0x1c4 shell/lib.a(ash.o)
 .text.subevalvar
                0x000000000043fd78      0x244 shell/lib.a(ash.o)
 .text.evalvar  0x000000000043ffbc      0x838 shell/lib.a(ash.o)
 .text.evalpipe
                0x00000000004407f4      0x30c shell/lib.a(ash.o)
 .text.evalbltin
                0x0000000000440b00      0x160 shell/lib.a(ash.o)
 .text.evalcommand
                0x0000000000440c60      0x7fc shell/lib.a(ash.o)
 .text.klogd_main
                0x000000000044145c      0x2e4 sysklogd/lib.a(klogd.o)
                0x000000000044145c                klogd_main
 .text.klogd_signal
                0x0000000000441740       0x78 sysklogd/lib.a(klogd.o)
 .text.error_exit
                0x00000000004417b8       0x4c sysklogd/lib.a(logread.o)
 .text.sem_up   0x0000000000441804       0x64 sysklogd/lib.a(logread.o)
 .text.logread_main
                0x0000000000441868      0x35c sysklogd/lib.a(logread.o)
                0x0000000000441868                logread_main
 .text.interrupted
                0x0000000000441bc4       0x5c sysklogd/lib.a(logread.o)
 .text.log_locally
                0x0000000000441c20      0x4a0 sysklogd/lib.a(syslogd.o)
 .text.timestamp_and_log
                0x00000000004420c0      0x248 sysklogd/lib.a(syslogd.o)
 .text.quit_signal
                0x0000000000442308       0xe8 sysklogd/lib.a(syslogd.o)
 .text.syslogd_main
                0x00000000004423f0      0x8a0 sysklogd/lib.a(syslogd.o)
                0x00000000004423f0                syslogd_main
 .text.dmesg_main
                0x0000000000442c90      0x260 util-linux/lib.a(dmesg.o)
                0x0000000000442c90                dmesg_main
 .text.mkswap_main
                0x0000000000442ef0      0x1c8 util-linux/lib.a(mkswap.o)
                0x0000000000442ef0                mkswap_main
 .text.more_main
                0x00000000004430b8      0x62c util-linux/lib.a(more.o)
                0x00000000004430b8                more_main
 .text.gotsig   0x00000000004436e4       0xb4 util-linux/lib.a(more.o)
 .text.append_mount_options
                0x0000000000443798      0x19c util-linux/lib.a(mount.o)
 .text.parse_mount_options
                0x0000000000443934      0x1c4 util-linux/lib.a(mount.o)
 .text.error_msg_rpc
                0x0000000000443af8       0xac util-linux/lib.a(mount.o)
 .text.mount_it_now
                0x0000000000443ba4       0xe8 util-linux/lib.a(mount.o)
 .text.nfs_strerror
                0x0000000000443c8c       0xa4 util-linux/lib.a(mount.o)
 .text.daemonize
                0x0000000000443d30      0x134 util-linux/lib.a(mount.o)
 .text.xdr_fhstatus
                0x0000000000443e64       0x80 util-linux/lib.a(mount.o)
 .text.xdr_mountres3
                0x0000000000443ee4       0xc8 util-linux/lib.a(mount.o)
 .text.xdr_dirpath
                0x0000000000443fac       0x3c util-linux/lib.a(mount.o)
 .text.singlemount
                0x0000000000443fe8     0x19c4 util-linux/lib.a(mount.o)
 .text.mount_main
                0x00000000004459ac      0x614 util-linux/lib.a(mount.o)
                0x00000000004459ac                mount_main
 .text.pivot_root_main
                0x0000000000445fc0       0x70 util-linux/lib.a(pivot_root.o)
                0x0000000000445fc0                pivot_root_main
 .text.socket_timeout
                0x0000000000446030       0x2c util-linux/lib.a(rdate.o)
 .text.rdate_main
                0x000000000044605c      0x238 util-linux/lib.a(rdate.o)
                0x000000000044605c                rdate_main
 .text.swap_enable_disable
                0x0000000000446294       0xb4 util-linux/lib.a(swaponoff.o)
 .text.swap_on_off_main
                0x0000000000446348      0x158 util-linux/lib.a(swaponoff.o)
                0x0000000000446348                swap_on_off_main
 .text.umount_main
                0x00000000004464a0      0x44c util-linux/lib.a(umount.o)
                0x00000000004464a0                umount_main
 .text.askpass_timeout
                0x00000000004468ec        0x8 libbb/lib.a(bb_askpass.o)
 .text.bb_askpass
                0x00000000004468f4      0x2ac libbb/lib.a(bb_askpass.o)
                0x00000000004468f4                bb_askpass
 .text.bb_do_delay
                0x0000000000446ba0       0xa4 libbb/lib.a(bb_do_delay.o)
                0x0000000000446ba0                bb_do_delay
 .text.change_identity_e2str
                0x0000000000446c44       0xa8 libbb/lib.a(change_identity.o)
                0x0000000000446c44                change_identity_e2str
 .text.change_identity
                0x0000000000446cec       0x58 libbb/lib.a(change_identity.o)
                0x0000000000446cec                change_identity
 .text.correct_password
                0x0000000000446d44       0xec libbb/lib.a(correct_password.o)
                0x0000000000446d44                correct_password
 .text.create_icmp6_socket
                0x0000000000446e30       0xdc libbb/lib.a(create_icmp6_socket.o)
                0x0000000000446e30                create_icmp6_socket
 .text.create_icmp_socket
                0x0000000000446f0c       0xdc libbb/lib.a(create_icmp_socket.o)
                0x0000000000446f0c                create_icmp_socket
 .text.i64c     0x0000000000446fe8       0x3c libbb/lib.a(crypt_make_salt.o)
 .text.crypt_make_salt
                0x0000000000447024       0xfc libbb/lib.a(crypt_make_salt.o)
                0x0000000000447024                crypt_make_salt
 .text.device_open
                0x0000000000447120       0xb4 libbb/lib.a(device_open.o)
                0x0000000000447120                device_open
 .text.find_pid_by_name
                0x00000000004471d4      0x130 libbb/lib.a(find_pid_by_name.o)
                0x00000000004471d4                find_pid_by_name
 .text.bb_herror_msg
                0x0000000000447304       0x88 libbb/lib.a(herror_msg.o)
                0x0000000000447304                bb_herror_msg
 .text.bb_herror_msg_and_die
                0x000000000044738c       0x88 libbb/lib.a(herror_msg_and_die.o)
                0x000000000044738c                bb_herror_msg_and_die
 .text.INET6_rresolve
                0x0000000000447414      0x15c libbb/lib.a(inet_common.o)
                0x0000000000447414                INET6_rresolve
 .text.INET6_resolve
                0x0000000000447570      0x12c libbb/lib.a(inet_common.o)
                0x0000000000447570                INET6_resolve
 .text.INET_rresolve
                0x000000000044769c      0x244 libbb/lib.a(inet_common.o)
                0x000000000044769c                INET_rresolve
 .text.INET_resolve
                0x00000000004478e0       0xd4 libbb/lib.a(inet_common.o)
                0x00000000004478e0                INET_resolve
 .text.bb_info_msg
                0x00000000004479b4       0xc4 libbb/lib.a(info_msg.o)
                0x00000000004479b4                bb_info_msg
 .text.get_linux_version_code
                0x0000000000447a78       0xc4 libbb/lib.a(kernel_version.o)
                0x0000000000447a78                get_linux_version_code
 .text.new_line_input_t
                0x0000000000447b3c       0x44 libbb/lib.a(lineedit.o)
                0x0000000000447b3c                new_line_input_t
 .text.put_prompt
                0x0000000000447b80       0x8c libbb/lib.a(lineedit.o)
 .text.beep     0x0000000000447c0c       0x5c libbb/lib.a(lineedit.o)
 .text.cmdedit_set_out_char
                0x0000000000447c68      0x1fc libbb/lib.a(lineedit.o)
 .text.input_end
                0x0000000000447e64       0x74 libbb/lib.a(lineedit.o)
 .text.goto_new_line
                0x0000000000447ed8       0xb0 libbb/lib.a(lineedit.o)
 .text.match_compare
                0x0000000000447f88       0x24 libbb/lib.a(lineedit.o)
 .text.get_previous_history
                0x0000000000447fac       0xec libbb/lib.a(lineedit.o)
 .text.get_next_history
                0x0000000000448098       0xb8 libbb/lib.a(lineedit.o)
 .text.add_quote_for_spec_chars
                0x0000000000448150       0xcc libbb/lib.a(lineedit.o)
 .text.input_backward
                0x000000000044821c       0xd4 libbb/lib.a(lineedit.o)
 .text.input_delete
                0x00000000004482f0       0xd8 libbb/lib.a(lineedit.o)
 .text.input_backspace
                0x00000000004483c8       0x70 libbb/lib.a(lineedit.o)
 .text.redraw   0x0000000000448438      0x10c libbb/lib.a(lineedit.o)
 .text.input_tab
                0x0000000000448544     0x1234 libbb/lib.a(lineedit.o)
 .text.win_changed
                0x0000000000449778      0x108 libbb/lib.a(lineedit.o)
 .text.read_line_input
                0x0000000000449880      0x8d4 libbb/lib.a(lineedit.o)
                0x0000000000449880                read_line_input
 .text.print_login_prompt
                0x000000000044a154       0xa4 libbb/lib.a(login.o)
                0x000000000044a154                print_login_prompt
 .text.print_login_issue
                0x000000000044a1f8      0x368 libbb/lib.a(login.o)
                0x000000000044a1f8                print_login_issue
 .text.del_loop
                0x000000000044a560       0x8c libbb/lib.a(loop.o)
                0x000000000044a560                del_loop
 .text.set_loop
                0x000000000044a5ec      0x3a4 libbb/lib.a(loop.o)
                0x000000000044a5ec                set_loop
 .text.match_fstype
                0x000000000044a990      0x114 libbb/lib.a(match_fstype.o)
                0x000000000044a990                match_fstype
 .text.string_checker_helper
                0x000000000044aaa4       0x8c libbb/lib.a(obscure.o)
 .text.string_checker
                0x000000000044ab30      0x138 libbb/lib.a(obscure.o)
 .text.obscure  0x000000000044ac68      0x2b8 libbb/lib.a(obscure.o)
                0x000000000044ac68                obscure
 .text.write_pidfile
                0x000000000044af20      0x10c libbb/lib.a(pidfile.o)
                0x000000000044af20                write_pidfile
 .text.pw_encrypt
                0x000000000044b02c       0x8c libbb/lib.a(pw_encrypt.o)
                0x000000000044b02c                pw_encrypt
 .text.run_shell
                0x000000000044b0b8      0x14c libbb/lib.a(run_shell.o)
                0x000000000044b0b8                run_shell
 .text.setup_environment
                0x000000000044b204      0x21c libbb/lib.a(setup_environment.o)
                0x000000000044b204                setup_environment
 .text.bb_simplify_path
                0x000000000044b420      0x18c libbb/lib.a(simplify_path.o)
                0x000000000044b420                bb_simplify_path
 .text.str_tolower
                0x000000000044b5ac       0x4c libbb/lib.a(str_tolower.o)
                0x000000000044b5ac                str_tolower
 .text.monotonic_sec
                0x000000000044b5f8       0x1c libbb/lib.a(time.o)
                0x000000000044b5f8                monotonic_sec
 .text.monotonic_us
                0x000000000044b614       0x70 libbb/lib.a(time.o)
                0x000000000044b614                monotonic_us
 .text.trim     0x000000000044b684       0xc4 libbb/lib.a(trim.o)
                0x000000000044b684                trim
 .text.get_signame
                0x000000000044b748       0x4c libbb/lib.a(u_signal_names.o)
                0x000000000044b748                get_signame
 .text.get_signum
                0x000000000044b794       0xdc libbb/lib.a(u_signal_names.o)
                0x000000000044b794                get_signum
 .text.update_passwd
                0x000000000044b870      0x4fc libbb/lib.a(update_passwd.o)
                0x000000000044b870                update_passwd
 .text.bb_uuencode
                0x000000000044bd6c       0xc8 libbb/lib.a(uuencode.o)
                0x000000000044bd6c                bb_uuencode
 .text.set_nport
                0x000000000044be34       0x2c libbb/lib.a(xconnect.o)
                0x000000000044be34                set_nport
 .text.sockaddr2str
                0x000000000044be60      0x124 libbb/lib.a(xconnect.o)
 .text.xmalloc_sockaddr2dotted_noport
                0x000000000044bf84       0x20 libbb/lib.a(xconnect.o)
                0x000000000044bf84                xmalloc_sockaddr2dotted_noport
 .text.xmalloc_sockaddr2dotted
                0x000000000044bfa4       0x20 libbb/lib.a(xconnect.o)
                0x000000000044bfa4                xmalloc_sockaddr2dotted
 .text.xmalloc_sockaddr2host_noport
                0x000000000044bfc4       0x20 libbb/lib.a(xconnect.o)
                0x000000000044bfc4                xmalloc_sockaddr2host_noport
 .text.xsocket_type
                0x000000000044bfe4      0x100 libbb/lib.a(xconnect.o)
                0x000000000044bfe4                xsocket_type
 .text.str2sockaddr
                0x000000000044c0e4      0x288 libbb/lib.a(xconnect.o)
 .text.xdotted2sockaddr
                0x000000000044c36c       0x20 libbb/lib.a(xconnect.o)
                0x000000000044c36c                xdotted2sockaddr
 .text.xhost2sockaddr
                0x000000000044c38c       0x20 libbb/lib.a(xconnect.o)
                0x000000000044c38c                xhost2sockaddr
 .text.host2sockaddr
                0x000000000044c3ac       0x20 libbb/lib.a(xconnect.o)
                0x000000000044c3ac                host2sockaddr
 .text.xhost_and_af2sockaddr
                0x000000000044c3cc       0x20 libbb/lib.a(xconnect.o)
                0x000000000044c3cc                xhost_and_af2sockaddr
 .text.bb_lookup_port
                0x000000000044c3ec       0xe8 libbb/lib.a(xconnect.o)
                0x000000000044c3ec                bb_lookup_port
 .text.xconnect
                0x000000000044c4d4       0x9c libbb/lib.a(xconnect.o)
                0x000000000044c4d4                xconnect
 .text.xconnect_stream
                0x000000000044c570       0x70 libbb/lib.a(xconnect.o)
                0x000000000044c570                xconnect_stream
 .text.setsockopt_reuseaddr
                0x000000000044c5e0       0x48 libbb/lib.a(xconnect.o)
                0x000000000044c5e0                setsockopt_reuseaddr
 .text.create_and_connect_stream_or_die
                0x000000000044c628       0xb0 libbb/lib.a(xconnect.o)
                0x000000000044c628                create_and_connect_stream_or_die
 .text.create_and_bind_or_die
                0x000000000044c6d8      0x114 libbb/lib.a(xconnect.o)
 .text.create_and_bind_stream_or_die
                0x000000000044c7ec       0x20 libbb/lib.a(xconnect.o)
                0x000000000044c7ec                create_and_bind_stream_or_die
 .text.xgethostbyname
                0x000000000044c80c       0x5c libbb/lib.a(xgethostbyname.o)
                0x000000000044c80c                xgethostbyname
 *fill*         0x000000000044c868        0x8 00000000
 .text          0x000000000044c870      0x650 /root/toolchains/hndtools-mipsel-linux-uclibc-4.1.2-32/bin/../lib/gcc/mipsel-linux-uclibc/4.1.2/libgcc.a(_divdi3.o)
                0x000000000044c870                __divdi3
 .text          0x000000000044cec0      0x5e0 /root/toolchains/hndtools-mipsel-linux-uclibc-4.1.2-32/bin/../lib/gcc/mipsel-linux-uclibc/4.1.2/libgcc.a(_udivdi3.o)
                0x000000000044cec0                __udivdi3
 .text          0x000000000044d4a0      0x5a0 /root/toolchains/hndtools-mipsel-linux-uclibc-4.1.2-32/bin/../lib/gcc/mipsel-linux-uclibc/4.1.2/libgcc.a(_umoddi3.o)
                0x000000000044d4a0                __umoddi3
 .text          0x000000000044da40       0x60 /root/toolchains/hndtools-mipsel-linux-uclibc-4.1.2-32/bin/../lib/gcc/mipsel-linux-uclibc/4.1.2/crtend.o
 *(.text.*personality*)
 *(.gnu.warning)
 *(.mips16.fn.*)
 *(.mips16.call.*)

.MIPS.stubs     0x000000000044daa0     0x10d0
 .MIPS.stubs    0x000000000044daa0     0x10d0 /root/toolchains/hndtools-mipsel-linux-uclibc-4.1.2-32/bin/../lib/gcc/mipsel-linux-uclibc/4.1.2/../../../../mipsel-linux-uclibc/lib/crt1.o
                0x000000000044daa0                longjmp
                0x000000000044dab0                strcpy
                0x000000000044dac0                setrlimit64
                0x000000000044dad0                unsetenv
                0x000000000044dae0                waitpid
                0x000000000044daf0                ioctl
                0x000000000044db00                getgid
                0x000000000044db10                sysconf
                0x000000000044db20                printf
                0x000000000044db30                utime
                0x000000000044db40                recv
                0x000000000044db50                connect
                0x000000000044db60                sigemptyset
                0x000000000044db70                shmctl
                0x000000000044db80                strerror
                0x000000000044db90                geteuid
                0x000000000044dba0                inet_pton
                0x000000000044dbb0                __xpg_basename
                0x000000000044dbc0                memmove
                0x000000000044dbd0                getopt_long
                0x000000000044dbe0                snprintf
                0x000000000044dbf0                syscall
                0x000000000044dc00                mknod
                0x000000000044dc10                ftello64
                0x000000000044dc20                getgrgid
                0x000000000044dc30                clnt_spcreateerror
                0x000000000044dc40                times
                0x000000000044dc50                statfs64
                0x000000000044dc60                authunix_create_default
                0x000000000044dc70                getenv
                0x000000000044dc80                fchmod
                0x000000000044dc90                getegid
                0x000000000044dca0                bsearch
                0x000000000044dcb0                usleep
                0x000000000044dcc0                execve
                0x000000000044dcd0                getprotobyname
                0x000000000044dce0                semget
                0x000000000044dcf0                getpagesize
                0x000000000044dd00                getpid
                0x000000000044dd10                qsort
                0x000000000044dd20                fchown
                0x000000000044dd30                fscanf
                0x000000000044dd40                fgets
                0x000000000044dd50                dirname
                0x000000000044dd60                fcntl64
                0x000000000044dd70                getrlimit64
                0x000000000044dd80                fchdir
                0x000000000044dd90                shmat
                0x000000000044dda0                memcpy
                0x000000000044ddb0                setitimer
                0x000000000044ddc0                pmap_getport
                0x000000000044ddd0                perror
                0x000000000044dde0                readlink
                0x000000000044ddf0                puts
                0x000000000044de00                dup2
                0x000000000044de10                islower
                0x000000000044de20                tcflush
                0x000000000044de30                tolower
                0x000000000044de40                getuid
                0x000000000044de50                semctl
                0x000000000044de60                feof
                0x000000000044de70                malloc
                0x000000000044de80                isatty
                0x000000000044de90                sleep
                0x000000000044dea0                sysinfo
                0x000000000044deb0                vsnprintf
                0x000000000044dec0                strtoll
                0x000000000044ded0                recvfrom
                0x000000000044dee0                xdr_bytes
                0x000000000044def0                pivot_root
                0x000000000044df00                strtoul
                0x000000000044df10                gethostbyaddr
                0x000000000044df20                rmdir
                0x000000000044df30                socket
                0x000000000044df40                select
                0x000000000044df50                init_module
                0x000000000044df60                lchown
                0x000000000044df70                delete_module
                0x000000000044df80                isspace
                0x000000000044df90                fflush
                0x000000000044dfa0                realpath
                0x000000000044dfb0                putenv
                0x000000000044dfc0                sigaddset
                0x000000000044dfd0                clearenv
                0x000000000044dfe0                chown
                0x000000000044dff0                strncasecmp
                0x000000000044e000                setpgid
                0x000000000044e010                getdomainname
                0x000000000044e020                freeaddrinfo
                0x000000000044e030                __fgetc_unlocked
                0x000000000044e040                chmod
                0x000000000044e050                getnameinfo
                0x000000000044e060                fstat64
                0x000000000044e070                alarm
                0x000000000044e080                strtol
                0x000000000044e090                pipe
                0x000000000044e0a0                getpgrp
                0x000000000044e0b0                strnlen
                0x000000000044e0c0                uname
                0x000000000044e0d0                accept
                0x000000000044e0e0                rename
                0x000000000044e0f0                strrchr
                0x000000000044e100                xdr_enum
                0x000000000044e110                wait4
                0x000000000044e120                strtod
                0x000000000044e130                write
                0x000000000044e140                fprintf
                0x000000000044e150                kill
                0x000000000044e160                ctime
                0x000000000044e170                strcat
                0x000000000044e180                bind
                0x000000000044e190                getmntent_r
                0x000000000044e1a0                inet_addr
                0x000000000044e1b0                vprintf
                0x000000000044e1c0                umount2
                0x000000000044e1d0                mkfifo
                0x000000000044e1e0                reboot
                0x000000000044e1f0                chdir
                0x000000000044e200                initgroups
                0x000000000044e210                shmdt
                0x000000000044e220                endgrent
                0x000000000044e230                setsockopt
                0x000000000044e240                fseek
                0x000000000044e250                wait3
                0x000000000044e260                shmget
                0x000000000044e270                swapoff
                0x000000000044e280                umask
                0x000000000044e290                dprintf
                0x000000000044e2a0                strcasestr
                0x000000000044e2b0                ferror
                0x000000000044e2c0                unlockpt
                0x000000000044e2d0                setgid
                0x000000000044e2e0                signal
                0x000000000044e2f0                read
                0x000000000044e300                openlog
                0x000000000044e310                clntudp_create
                0x000000000044e320                isupper
                0x000000000044e330                strncmp
                0x000000000044e340                query_module
                0x000000000044e350                strncpy
                0x000000000044e360                unlink
                0x000000000044e370                setenv
                0x000000000044e380                sync
                0x000000000044e390                strcasecmp